Sep 18 00:08:38 april-dell anacron[10308]: Job `cron.daily' terminated
Sep 18 00:08:38 april-dell anacron[10308]: Normal exit (1 job run)
Sep 18 00:13:50 april-dell gnome-shell[1561]: [AppIndicatorSupport-FATAL] unable to lookup icon for discord1_24
Sep 18 00:13:50 april-dell gnome-shell[1561]: [AppIndicatorSupport-FATAL] unable to lookup icon for discord1_24
Sep 18 00:15:01 april-dell CRON[10677]: (root) CMD (command -v debian-sa1 > /dev/null && debian-sa1 1 1)
Sep 18 00:17:01 april-dell CRON[10691]: (root) CMD (   cd / && run-parts --report /etc/cron.hourly)
Sep 18 00:25:01 april-dell CRON[10739]: (root) CMD (command -v debian-sa1 > /dev/null && debian-sa1 1 1)
Sep 18 00:35:00 april-dell gsd-print-notif[2034]: Source ID 2 was not found when attempting to remove it
Sep 18 00:35:00 april-dell kernel: [55648.200567] rfkill: input handler enabled
Sep 18 00:35:00 april-dell systemd[1148]: Stopping D-Bus User Message Bus...
Sep 18 00:35:00 april-dell gvfsd[1588]: A connection to the bus can't be made
Sep 18 00:35:00 april-dell gvfsd[1588]: A connection to the bus can't be made
Sep 18 00:35:00 april-dell gnome-software[5589]: lost session service
Sep 18 00:35:01 april-dell zeitgeist-daemon[1243]: #033[31m[06:35:01.005450 WARNING]#033[0m zeitgeist-daemon.vala:454: The connection is closed
Sep 18 00:35:01 april-dell gnome-session[1301]: gnome-session-binary[1301]: WARNING: Lost name on bus: org.gnome.SessionManager
Sep 18 00:35:01 april-dell gnome-session[1301]: gnome-session-binary[1301]: CRITICAL: We failed, but the fail whale is dead. Sorry....
Sep 18 00:35:01 april-dell gnome-session-binary[1301]: WARNING: Lost name on bus: org.gnome.SessionManager
Sep 18 00:35:01 april-dell gnome-session-binary[1301]: CRITICAL: We failed, but the fail whale is dead. Sorry....
Sep 18 00:35:01 april-dell gnome-shell[1561]: [AppIndicatorSupport-DEBUG] Lost nameorg.kde.StatusNotifierWatcher
Sep 18 00:35:01 april-dell gnome-shell[1561]: Object .Gjs_AppIndicatorIconActor__1 (0x563873cbd1b0), has been already finalized. Impossible to set any property to it.
Sep 18 00:35:01 april-dell org.gnome.Shell.desktop[1561]: == Stack trace for context 0x5638718e9340 ==
Sep 18 00:35:01 april-dell org.gnome.Shell.desktop[1561]: ###!!! [Parent][MessageChannel] Error: (msgtype=0x39013A,name=PContent::Msg_AsyncMessage) Channel error: cannot send/recv
Sep 18 00:35:01 april-dell org.gnome.Shell.desktop[1561]: message repeated 4 times: [ ###!!! [Parent][MessageChannel] Error: (msgtype=0x39013A,name=PContent::Msg_AsyncMessage) Channel error: cannot send/recv]
Sep 18 00:35:01 april-dell org.gnome.Shell.desktop[1561]: #0 0x7ffe505dd0a0 I   resource:///org/gnome/gjs/modules/_legacy.js:83 (0x7fe4d56b5de0 @ 87)
Sep 18 00:35:01 april-dell org.gnome.Shell.desktop[1561]: #1 0x563871d80e30 i   /usr/share/gnome-shell/extensions/ubuntu-appindicators@ubuntu.com/indicatorStatusIcon.js:93 (0x7fe4d40c76f8 @ 58)
Sep 18 00:35:01 april-dell org.gnome.Shell.desktop[1561]: #2 0x7ffe505ddc80 I   resource:///org/gnome/gjs/modules/_legacy.js:82 (0x7fe4d56b5de0 @ 71)
Sep 18 00:35:01 april-dell org.gnome.Shell.desktop[1561]: #3 0x7ffe505ddd40 b   self-hosted:916 (0x7fe4d56f12b8 @ 367)
Sep 18 00:35:01 april-dell org.gnome.Shell.desktop[1561]: #4 0x7ffe505dde30 b   resource:///org/gnome/gjs/modules/signals.js:128 (0x7fe4d56d2230 @ 386)
Sep 18 00:35:01 april-dell org.gnome.Shell.desktop[1561]: #5 0x563871d80da8 i   /usr/share/gnome-shell/extensions/ubuntu-appindicators@ubuntu.com/appIndicator.js:190 (0x7fe4d40b53c8 @ 22)
Sep 18 00:35:01 april-dell org.gnome.Shell.desktop[1561]: #6 0x7ffe505dea80 I   resource:///org/gnome/gjs/modules/_legacy.js:82 (0x7fe4d56b5de0 @ 71)
Sep 18 00:35:01 april-dell org.gnome.Shell.desktop[1561]: #7 0x563871d80d00 i   /usr/share/gnome-shell/extensions/ubuntu-appindicators@ubuntu.com/statusNotifierWatcher.js:176 (0x7fe4d40b0670 @ 26)
Sep 18 00:35:01 april-dell org.gnome.Shell.desktop[1561]: #8 0x7ffe505df660 I   resource:///org/gnome/gjs/modules/_legacy.js:82 (0x7fe4d56b5de0 @ 71)
Sep 18 00:35:01 april-dell org.gnome.Shell.desktop[1561]: #9 0x563871d80c60 i   /usr/share/gnome-shell/extensions/ubuntu-appindicators@ubuntu.com/statusNotifierWatcher.js:170 (0x7fe4d40b05e8 @ 68)
Sep 18 00:35:01 april-dell org.gnome.Shell.desktop[1561]: #10 0x7ffe505e0250 I   resource:///org/gnome/gjs/modules/_legacy.js:82 (0x7fe4d56b5de0 @ 71)
Sep 18 00:35:01 april-dell org.gnome.Shell.desktop[1561]: #11 0x7ffe505e0320 b   self-hosted:918 (0x7fe4d56f12b8 @ 394)
Sep 18 00:35:01 april-dell org.gnome.Shell.desktop[1561]: ###!!! [Parent][MessageChannel] Error: (msgtype=0x39001D,name=PContent::Msg_RegisterChromeItem) Channel error: cannot send/recv
Sep 18 00:35:01 april-dell org.gnome.Shell.desktop[1561]: ###!!! [Parent][MessageChannel] Error: (msgtype=0x39013A,name=PContent::Msg_AsyncMessage) Channel error: cannot send/recv
Sep 18 00:35:01 april-dell org.gnome.Shell.desktop[1561]: message repeated 5 times: [ ###!!! [Parent][MessageChannel] Error: (msgtype=0x39013A,name=PContent::Msg_AsyncMessage) Channel error: cannot send/recv]
Sep 18 00:35:01 april-dell zeitgeist-fts[1250]: zeitgeist-fts.vala:252: The connection is closed
Sep 18 00:35:01 april-dell org.gnome.Shell.desktop[1561]: ###!!! [Parent][MessageChannel] Error: (msgtype=0x39013A,name=PContent::Msg_AsyncMessage) Channel error: cannot send/recv
Sep 18 00:35:01 april-dell org.gnome.Shell.desktop[1561]: message repeated 11 times: [ ###!!! [Parent][MessageChannel] Error: (msgtype=0x39013A,name=PContent::Msg_AsyncMessage) Channel error: cannot send/recv]
Sep 18 00:35:01 april-dell org.gnome.Shell.desktop[1561]: ###!!! [Parent][MessageChannel] Error: (msgtype=0x390037,name=PContent::Msg_UpdateSharedData) Channel error: cannot send/recv
Sep 18 00:35:01 april-dell org.gnome.Shell.desktop[1561]: == Stack trace for context 0x5638718e9340 ==
Sep 18 00:35:01 april-dell org.gnome.Shell.desktop[1561]: #0 0x7ffe505dd0a0 I   resource:///org/gnome/gjs/modules/_legacy.js:83 (0x7fe4d56b5de0 @ 87)
Sep 18 00:35:01 april-dell org.gnome.Shell.desktop[1561]: #1 0x563871d80e30 i   /usr/share/gnome-shell/extensions/ubuntu-appindicators@ubuntu.com/indicatorStatusIcon.js:93 (0x7fe4d40c76f8 @ 58)
Sep 18 00:35:01 april-dell org.gnome.Shell.desktop[1561]: #2 0x7ffe505ddc80 I   resource:///org/gnome/gjs/modules/_legacy.js:82 (0x7fe4d56b5de0 @ 71)
Sep 18 00:35:01 april-dell org.gnome.Shell.desktop[1561]: #3 0x7ffe505ddd40 b   self-hosted:916 (0x7fe4d56f12b8 @ 367)
Sep 18 00:35:01 april-dell org.gnome.Shell.desktop[1561]: #4 0x7ffe505dde30 b   resource:///org/gnome/gjs/modules/signals.js:128 (0x7fe4d56d2230 @ 386)
Sep 18 00:35:01 april-dell org.gnome.Shell.desktop[1561]: #5 0x563871d80da8 i   /usr/share/gnome-shell/extensions/ubuntu-appindicators@ubuntu.com/appIndicator.js:190 (0x7fe4d40b53c8 @ 22)
Sep 18 00:35:01 april-dell org.gnome.Shell.desktop[1561]: #6 0x7ffe505dea80 I   resource:///org/gnome/gjs/modules/_legacy.js:82 (0x7fe4d56b5de0 @ 71)
Sep 18 00:35:01 april-dell org.gnome.Shell.desktop[1561]: #7 0x563871d80d00 i   /usr/share/gnome-shell/extensions/ubuntu-appindicators@ubuntu.com/statusNotifierWatcher.js:176 (0x7fe4d40b0670 @ 26)
Sep 18 00:35:01 april-dell org.gnome.Shell.desktop[1561]: #8 0x7ffe505df660 I   resource:///org/gnome/gjs/modules/_legacy.js:82 (0x7fe4d56b5de0 @ 71)
Sep 18 00:35:01 april-dell org.gnome.Shell.desktop[1561]: #9 0x563871d80c60 i   /usr/share/gnome-shell/extensions/ubuntu-appindicators@ubuntu.com/statusNotifierWatcher.js:170 (0x7fe4d40b05e8 @ 68)
Sep 18 00:35:01 april-dell org.gnome.Shell.desktop[1561]: #10 0x7ffe505e0250 I   resource:///org/gnome/gjs/modules/_legacy.js:82 (0x7fe4d56b5de0 @ 71)
Sep 18 00:35:01 april-dell org.gnome.Shell.desktop[1561]: #11 0x7ffe505e0320 b   self-hosted:918 (0x7fe4d56f12b8 @ 394)
Sep 18 00:35:01 april-dell gnome-shell[1561]: Object .Gjs_AppIndicatorIconActor__1 (0x563873f77bd0), has been already finalized. Impossible to set any property to it.
Sep 18 00:35:01 april-dell org.gnome.Shell.desktop[1561]: [Parent 3529, Main Thread] WARNING: FileDescriptorSet destroyed with unconsumed descriptors: file /build/firefox-jw5aie/firefox-80.0.1+build1/ipc/chromium/src/chrome/common/file_descriptor_set_posix.cc, line 19
Sep 18 00:35:01 april-dell org.gnome.Shell.desktop[1561]: ###!!! [Parent][MessageChannel] Error: (msgtype=0x390037,name=PContent::Msg_UpdateSharedData) Channel error: cannot send/recv
Sep 18 00:35:01 april-dell org.gnome.Shell.desktop[1561]: [Parent 3529, Main Thread] WARNING: FileDescriptorSet destroyed with unconsumed descriptors: file /build/firefox-jw5aie/firefox-80.0.1+build1/ipc/chromium/src/chrome/common/file_descriptor_set_posix.cc, line 19
Sep 18 00:35:01 april-dell org.gnome.Shell.desktop[1561]: ###!!! [Parent][MessageChannel] Error: (msgtype=0x390037,name=PContent::Msg_UpdateSharedData) Channel error: cannot send/recv
Sep 18 00:35:01 april-dell org.gnome.Shell.desktop[1561]: [Parent 3529, Main Thread] WARNING: FileDescriptorSet destroyed with unconsumed descriptors: file /build/firefox-jw5aie/firefox-80.0.1+build1/ipc/chromium/src/chrome/common/file_descriptor_set_posix.cc, line 19
Sep 18 00:35:01 april-dell org.gnome.Shell.desktop[1561]: ###!!! [Parent][MessageChannel] Error: (msgtype=0x390034,name=PContent::Msg_UpdateAppLocales) Channel error: cannot send/recv
Sep 18 00:35:01 april-dell org.gnome.Shell.desktop[1561]: message repeated 2 times: [ ###!!! [Parent][MessageChannel] Error: (msgtype=0x390034,name=PContent::Msg_UpdateAppLocales) Channel error: cannot send/recv]
Sep 18 00:35:01 april-dell org.gnome.Shell.desktop[1561]: == Stack trace for context 0x5638718e9340 ==
Sep 18 00:35:01 april-dell org.gnome.Shell.desktop[1561]: #0 0x7ffe505dc7f0 I   resource:///org/gnome/gjs/modules/_legacy.js:83 (0x7fe4d56b5de0 @ 87)
Sep 18 00:35:01 april-dell org.gnome.Shell.desktop[1561]: #1 0x563871d80e30 i   /usr/share/gnome-shell/extensions/ubuntu-appindicators@ubuntu.com/indicatorStatusIcon.js:93 (0x7fe4d40c76f8 @ 58)
Sep 18 00:35:01 april-dell org.gnome.Shell.desktop[1561]: #2 0x7ffe505dd3d0 I   resource:///org/gnome/gjs/modules/_legacy.js:82 (0x7fe4d56b5de0 @ 71)
Sep 18 00:35:01 april-dell org.gnome.Shell.desktop[1561]: #3 0x7ffe505dd490 b   self-hosted:916 (0x7fe4d56f12b8 @ 367)
Sep 18 00:35:01 april-dell org.gnome.Shell.desktop[1561]: #4 0x7ffe505dd580 b   resource:///org/gnome/gjs/modules/signals.js:128 (0x7fe4d56d2230 @ 386)
Sep 18 00:35:01 april-dell org.gnome.Shell.desktop[1561]: #5 0x563871d80da8 i   /usr/share/gnome-shell/extensions/ubuntu-appindicators@ubuntu.com/appIndicator.js:190 (0x7fe4d40b53c8 @ 22)
Sep 18 00:35:01 april-dell org.gnome.Shell.desktop[1561]: #6 0x7ffe505de1d0 I   resource:///org/gnome/gjs/modules/_legacy.js:82 (0x7fe4d56b5de0 @ 71)
Sep 18 00:35:01 april-dell org.gnome.Shell.desktop[1561]: #7 0x563871d80d00 i   /usr/share/gnome-shell/extensions/ubuntu-appindicators@ubuntu.com/statusNotifierWatcher.js:176 (0x7fe4d40b0670 @ 26)
Sep 18 00:35:01 april-dell org.gnome.Shell.desktop[1561]: #8 0x7ffe505dedb0 I   resource:///org/gnome/gjs/modules/_legacy.js:82 (0x7fe4d56b5de0 @ 71)
Sep 18 00:35:01 april-dell org.gnome.Shell.desktop[1561]: #9 0x7ffe505df550 b   /usr/share/gnome-shell/extensions/ubuntu-appindicators@ubuntu.com/statusNotifierWatcher.js:170 (0x7fe4d40b05e8 @ 68)
Sep 18 00:35:01 april-dell org.gnome.Shell.desktop[1561]: #10 0x7ffe505e0250 I   resource:///org/gnome/gjs/modules/_legacy.js:82 (0x7fe4d56b5de0 @ 71)
Sep 18 00:35:01 april-dell org.gnome.Shell.desktop[1561]: #11 0x7ffe505e0320 b   self-hosted:918 (0x7fe4d56f12b8 @ 394)
Sep 18 00:35:01 april-dell gnome-shell[1561]: Object .Gjs_AppIndicatorIconActor__1 (0x5638740e57d0), has been already finalized. Impossible to set any property to it.
Sep 18 00:35:01 april-dell systemd[1148]: xdg-permission-store.service: Main process exited, code=exited, status=1/FAILURE
Sep 18 00:35:01 april-dell systemd[1148]: xdg-permission-store.service: Failed with result 'exit-code'.
Sep 18 00:35:01 april-dell systemd[1148]: xdg-document-portal.service: Main process exited, code=exited, status=20/n/a
Sep 18 00:35:01 april-dell systemd[1148]: xdg-document-portal.service: Failed with result 'exit-code'.
Sep 18 00:35:01 april-dell gnome-shell[1561]: Object .Gjs_AppIndicatorIconActor__1 (0x5638760f2740), has been already finalized. Impossible to set any property to it.
Sep 18 00:35:01 april-dell org.gnome.Shell.desktop[1561]: == Stack trace for context 0x5638718e9340 ==
Sep 18 00:35:01 april-dell org.gnome.Shell.desktop[1561]: #0 0x7ffe505ddb60 I   resource:///org/gnome/gjs/modules/_legacy.js:83 (0x7fe4d56b5de0 @ 87)
Sep 18 00:35:01 april-dell org.gnome.Shell.desktop[1561]: #1 0x563871d80d90 i   /usr/share/gnome-shell/extensions/ubuntu-appindicators@ubuntu.com/indicatorStatusIcon.js:93 (0x7fe4d40c76f8 @ 58)
Sep 18 00:35:01 april-dell org.gnome.Shell.desktop[1561]: #2 0x7ffe505de740 I   resource:///org/gnome/gjs/modules/_legacy.js:82 (0x7fe4d56b5de0 @ 71)
Sep 18 00:35:01 april-dell org.gnome.Shell.desktop[1561]: #3 0x7ffe505de800 b   self-hosted:916 (0x7fe4d56f12b8 @ 367)
Sep 18 00:35:01 april-dell org.gnome.Shell.desktop[1561]: #4 0x7ffe505de8f0 b   resource:///org/gnome/gjs/modules/signals.js:128 (0x7fe4d56d2230 @ 386)
Sep 18 00:35:01 april-dell org.gnome.Shell.desktop[1561]: #5 0x563871d80d08 i   /usr/share/gnome-shell/extensions/ubuntu-appindicators@ubuntu.com/appIndicator.js:190 (0x7fe4d40b53c8 @ 22)
Sep 18 00:35:01 april-dell org.gnome.Shell.desktop[1561]: #6 0x7ffe505df540 I   resource:///org/gnome/gjs/modules/_legacy.js:82 (0x7fe4d56b5de0 @ 71)
Sep 18 00:35:01 april-dell org.gnome.Shell.desktop[1561]: #7 0x563871d80c60 i   /usr/share/gnome-shell/extensions/ubuntu-appindicators@ubuntu.com/statusNotifierWatcher.js:176 (0x7fe4d40b0670 @ 26)
Sep 18 00:35:01 april-dell org.gnome.Shell.desktop[1561]: #8 0x7ffe505e0120 I   resource:///org/gnome/gjs/modules/_legacy.js:82 (0x7fe4d56b5de0 @ 71)
Sep 18 00:35:01 april-dell org.gnome.Shell.desktop[1561]: #9 0x7ffe505e01e0 b   /usr/share/gnome-shell/extensions/ubuntu-appindicators@ubuntu.com/statusNotifierWatcher.js:170 (0x7fe4d40b05e8 @ 68)
Sep 18 00:35:01 april-dell org.gnome.Shell.desktop[1561]: #10 0x7ffe505e0250 I   resource:///org/gnome/gjs/modules/_legacy.js:82 (0x7fe4d56b5de0 @ 71)
Sep 18 00:35:01 april-dell org.gnome.Shell.desktop[1561]: #11 0x7ffe505e0320 b   self-hosted:918 (0x7fe4d56f12b8 @ 394)
Sep 18 00:35:01 april-dell io.snapcraft.Settings[1227]: Exiting on terminated.
Sep 18 00:35:01 april-dell gnome-shell[1561]: Object .Gjs_AppIndicatorIconActor__1 (0x56387c8c3440), has been already finalized. Impossible to set any property to it.
Sep 18 00:35:01 april-dell org.gnome.Shell.desktop[1561]: == Stack trace for context 0x5638718e9340 ==
Sep 18 00:35:01 april-dell org.gnome.Shell.desktop[1561]: #0 0x7ffe505ddb60 I   resource:///org/gnome/gjs/modules/_legacy.js:83 (0x7fe4d56b5de0 @ 87)
Sep 18 00:35:01 april-dell org.gnome.Shell.desktop[1561]: #1 0x563871d80d90 i   /usr/share/gnome-shell/extensions/ubuntu-appindicators@ubuntu.com/indicatorStatusIcon.js:93 (0x7fe4d40c76f8 @ 58)
Sep 18 00:35:01 april-dell org.gnome.Shell.desktop[1561]: #2 0x7ffe505de740 I   resource:///org/gnome/gjs/modules/_legacy.js:82 (0x7fe4d56b5de0 @ 71)
Sep 18 00:35:01 april-dell org.gnome.Shell.desktop[1561]: #3 0x7ffe505de800 b   self-hosted:916 (0x7fe4d56f12b8 @ 367)
Sep 18 00:35:01 april-dell org.gnome.Shell.desktop[1561]: #4 0x7ffe505de8f0 b   resource:///org/gnome/gjs/modules/signals.js:128 (0x7fe4d56d2230 @ 386)
Sep 18 00:35:01 april-dell org.gnome.Shell.desktop[1561]: #5 0x563871d80d08 i   /usr/share/gnome-shell/extensions/ubuntu-appindicators@ubuntu.com/appIndicator.js:190 (0x7fe4d40b53c8 @ 22)
Sep 18 00:35:01 april-dell org.gnome.Shell.desktop[1561]: #6 0x7ffe505df540 I   resource:///org/gnome/gjs/modules/_legacy.js:82 (0x7fe4d56b5de0 @ 71)
Sep 18 00:35:01 april-dell org.gnome.Shell.desktop[1561]: #7 0x563871d80c60 i   /usr/share/gnome-shell/extensions/ubuntu-appindicators@ubuntu.com/statusNotifierWatcher.js:176 (0x7fe4d40b0670 @ 26)
Sep 18 00:35:01 april-dell org.gnome.Shell.desktop[1561]: #8 0x7ffe505e0120 I   resource:///org/gnome/gjs/modules/_legacy.js:82 (0x7fe4d56b5de0 @ 71)
Sep 18 00:35:01 april-dell org.gnome.Shell.desktop[1561]: #9 0x7ffe505e01e0 b   /usr/share/gnome-shell/extensions/ubuntu-appindicators@ubuntu.com/statusNotifierWatcher.js:170 (0x7fe4d40b05e8 @ 68)
Sep 18 00:35:01 april-dell org.gnome.Shell.desktop[1561]: #10 0x7ffe505e0250 I   resource:///org/gnome/gjs/modules/_legacy.js:82 (0x7fe4d56b5de0 @ 71)
Sep 18 00:35:01 april-dell org.gnome.Shell.desktop[1561]: #11 0x7ffe505e0320 b   self-hosted:918 (0x7fe4d56f12b8 @ 394)
Sep 18 00:35:01 april-dell gnome-shell[1561]: Object .Gjs_AppIndicatorIconActor__1 (0x56387b585fd0), has been already finalized. Impossible to set any property to it.
Sep 18 00:35:01 april-dell org.gnome.Shell.desktop[1561]: == Stack trace for context 0x5638718e9340 ==
Sep 18 00:35:01 april-dell org.gnome.Shell.desktop[1561]: #0 0x7ffe505ddc40 I   resource:///org/gnome/gjs/modules/_legacy.js:83 (0x7fe4d56b5de0 @ 87)
Sep 18 00:35:01 april-dell org.gnome.Shell.desktop[1561]: #1 0x563871d80d90 i   /usr/share/gnome-shell/extensions/ubuntu-appindicators@ubuntu.com/indicatorStatusIcon.js:93 (0x7fe4d40c76f8 @ 58)
Sep 18 00:35:01 april-dell org.gnome.Shell.desktop[1561]: #2 0x7ffe505de820 I   resource:///org/gnome/gjs/modules/_legacy.js:82 (0x7fe4d56b5de0 @ 71)
Sep 18 00:35:01 april-dell org.gnome.Shell.desktop[1561]: #3 0x7ffe505de8e0 b   self-hosted:916 (0x7fe4d56f12b8 @ 367)
Sep 18 00:35:01 april-dell org.gnome.Shell.desktop[1561]: #4 0x7ffe505de960 I   resource:///org/gnome/gjs/modules/signals.js:128 (0x7fe4d56d2230 @ 386)
Sep 18 00:35:01 april-dell org.gnome.Shell.desktop[1561]: #5 0x563871d80d08 i   /usr/share/gnome-shell/extensions/ubuntu-appindicators@ubuntu.com/appIndicator.js:190 (0x7fe4d40b53c8 @ 22)
Sep 18 00:35:01 april-dell org.gnome.Shell.desktop[1561]: #6 0x7ffe505df540 I   resource:///org/gnome/gjs/modules/_legacy.js:82 (0x7fe4d56b5de0 @ 71)
Sep 18 00:35:01 april-dell org.gnome.Shell.desktop[1561]: #7 0x563871d80c60 i   /usr/share/gnome-shell/extensions/ubuntu-appindicators@ubuntu.com/statusNotifierWatcher.js:176 (0x7fe4d40b0670 @ 26)
Sep 18 00:35:01 april-dell org.gnome.Shell.desktop[1561]: #8 0x7ffe505e0120 I   resource:///org/gnome/gjs/modules/_legacy.js:82 (0x7fe4d56b5de0 @ 71)
Sep 18 00:35:01 april-dell org.gnome.Shell.desktop[1561]: #9 0x7ffe505e01e0 b   /usr/share/gnome-shell/extensions/ubuntu-appindicators@ubuntu.com/statusNotifierWatcher.js:170 (0x7fe4d40b05e8 @ 68)
Sep 18 00:35:01 april-dell org.gnome.Shell.desktop[1561]: #10 0x7ffe505e0250 I   resource:///org/gnome/gjs/modules/_legacy.js:82 (0x7fe4d56b5de0 @ 71)
Sep 18 00:35:01 april-dell org.gnome.Shell.desktop[1561]: #11 0x7ffe505e0320 b   self-hosted:918 (0x7fe4d56f12b8 @ 394)
Sep 18 00:35:01 april-dell gnome-shell[1561]: gnome-shell: Fatal IO error 0 (Success) on X server :0.
Sep 18 00:35:01 april-dell systemd[1148]: Stopped D-Bus User Message Bus.
Sep 18 00:35:01 april-dell systemd[1148]: Started D-Bus User Message Bus.
Sep 18 00:35:01 april-dell org.gnome.Shell.desktop[1561]: ###!!! [Parent][MessageChannel] Error: (msgtype=0x390034,name=PContent::Msg_UpdateAppLocales) Channel error: cannot send/recv
Sep 18 00:35:01 april-dell org.gnome.Shell.desktop[1561]: message repeated 4 times: [ ###!!! [Parent][MessageChannel] Error: (msgtype=0x390034,name=PContent::Msg_UpdateAppLocales) Channel error: cannot send/recv]
Sep 18 00:35:01 april-dell remmina[28388]: Owner of volume monitor org.gtk.vfs.UDisks2VolumeMonitor disconnected from the bus; removing drives/volumes/mounts
Sep 18 00:35:01 april-dell remmina[28388]: Owner of volume monitor org.gtk.vfs.AfcVolumeMonitor disconnected from the bus; removing drives/volumes/mounts
Sep 18 00:35:01 april-dell remmina[28388]: Owner of volume monitor org.gtk.vfs.MTPVolumeMonitor disconnected from the bus; removing drives/volumes/mounts
Sep 18 00:35:01 april-dell remmina[28388]: Owner of volume monitor org.gtk.vfs.GoaVolumeMonitor disconnected from the bus; removing drives/volumes/mounts
Sep 18 00:35:01 april-dell remmina[28388]: Owner of volume monitor org.gtk.vfs.GPhoto2VolumeMonitor disconnected from the bus; removing drives/volumes/mounts
Sep 18 00:35:01 april-dell dbus-daemon[10799]: [session uid=1000 pid=10799] AppArmor D-Bus mediation is enabled
Sep 18 00:35:01 april-dell org.gnome.Shell.desktop[1561]: ###!!! [Parent][MessageChannel] Error: (msgtype=0x39001D,name=PContent::Msg_RegisterChromeItem) Channel error: cannot send/recv
Sep 18 00:35:01 april-dell org.gnome.Shell.desktop[1561]: message repeated 7 times: [ ###!!! [Parent][MessageChannel] Error: (msgtype=0x39001D,name=PContent::Msg_RegisterChromeItem) Channel error: cannot send/recv]
Sep 18 00:35:01 april-dell org.gnome.Shell.desktop[1561]: ###!!! [Parent][MessageChannel] Error: (msgtype=0x390037,name=PContent::Msg_UpdateSharedData) Channel error: cannot send/recv
Sep 18 00:35:01 april-dell org.gnome.Shell.desktop[1561]: [Parent 3529, Main Thread] WARNING: FileDescriptorSet destroyed with unconsumed descriptors: file /build/firefox-jw5aie/firefox-80.0.1+build1/ipc/chromium/src/chrome/common/file_descriptor_set_posix.cc, line 19
Sep 18 00:35:01 april-dell org.gnome.Shell.desktop[1561]: ###!!! [Parent][MessageChannel] Error: (msgtype=0x390037,name=PContent::Msg_UpdateSharedData) Channel error: cannot send/recv
Sep 18 00:35:01 april-dell org.gnome.Shell.desktop[1561]: [Parent 3529, Main Thread] WARNING: FileDescriptorSet destroyed with unconsumed descriptors: file /build/firefox-jw5aie/firefox-80.0.1+build1/ipc/chromium/src/chrome/common/file_descriptor_set_posix.cc, line 19
Sep 18 00:35:01 april-dell org.gnome.Shell.desktop[1561]: ###!!! [Parent][MessageChannel] Error: (msgtype=0x390037,name=PContent::Msg_UpdateSharedData) Channel error: cannot send/recv
Sep 18 00:35:01 april-dell org.gnome.Shell.desktop[1561]: [Parent 3529, Main Thread] WARNING: FileDescriptorSet destroyed with unconsumed descriptors: file /build/firefox-jw5aie/firefox-80.0.1+build1/ipc/chromium/src/chrome/common/file_descriptor_set_posix.cc, line 19
Sep 18 00:35:01 april-dell org.gnome.Shell.desktop[1561]: ###!!! [Parent][MessageChannel] Error: (msgtype=0x390037,name=PContent::Msg_UpdateSharedData) Channel error: cannot send/recv
Sep 18 00:35:01 april-dell org.gnome.Shell.desktop[1561]: [Parent 3529, Main Thread] WARNING: FileDescriptorSet destroyed with unconsumed descriptors: file /build/firefox-jw5aie/firefox-80.0.1+build1/ipc/chromium/src/chrome/common/file_descriptor_set_posix.cc, line 19
Sep 18 00:35:01 april-dell org.gnome.Shell.desktop[1561]: ###!!! [Parent][MessageChannel] Error: (msgtype=0x390037,name=PContent::Msg_UpdateSharedData) Channel error: cannot send/recv
Sep 18 00:35:01 april-dell org.gnome.Shell.desktop[1561]: [Parent 3529, Main Thread] WARNING: FileDescriptorSet destroyed with unconsumed descriptors: file /build/firefox-jw5aie/firefox-80.0.1+build1/ipc/chromium/src/chrome/common/file_descriptor_set_posix.cc, line 19
Sep 18 00:35:01 april-dell org.gnome.Shell.desktop[1561]: ###!!! [Parent][MessageChannel] Error: (msgtype=0x390037,name=PContent::Msg_UpdateSharedData) Channel error: cannot send/recv
Sep 18 00:35:01 april-dell org.gnome.Shell.desktop[1561]: [Parent 3529, Main Thread] WARNING: FileDescriptorSet destroyed with unconsumed descriptors: file /build/firefox-jw5aie/firefox-80.0.1+build1/ipc/chromium/src/chrome/common/file_descriptor_set_posix.cc, line 19
Sep 18 00:35:01 april-dell org.gnome.Shell.desktop[1561]: ###!!! [Parent][MessageChannel] Error: (msgtype=0x390037,name=PContent::Msg_UpdateSharedData) Channel error: cannot send/recv
Sep 18 00:35:01 april-dell org.gnome.Shell.desktop[1561]: [Parent 3529, Main Thread] WARNING: FileDescriptorSet destroyed with unconsumed descriptors: file /build/firefox-jw5aie/firefox-80.0.1+build1/ipc/chromium/src/chrome/common/file_descriptor_set_posix.cc, line 19
Sep 18 00:35:01 april-dell org.gnome.Shell.desktop[1561]: ###!!! [Parent][MessageChannel] Error: (msgtype=0x390037,name=PContent::Msg_UpdateSharedData) Channel error: cannot send/recv
Sep 18 00:35:01 april-dell org.gnome.Shell.desktop[1561]: [Parent 3529, Main Thread] WARNING: FileDescriptorSet destroyed with unconsumed descriptors: file /build/firefox-jw5aie/firefox-80.0.1+build1/ipc/chromium/src/chrome/common/file_descriptor_set_posix.cc, line 19
Sep 18 00:35:01 april-dell org.gnome.Shell.desktop[1561]: ###!!! [Parent][MessageChannel] Error: (msgtype=0x390034,name=PContent::Msg_UpdateAppLocales) Channel error: cannot send/recv
Sep 18 00:35:01 april-dell org.gnome.Shell.desktop[1561]: message repeated 7 times: [ ###!!! [Parent][MessageChannel] Error: (msgtype=0x390034,name=PContent::Msg_UpdateAppLocales) Channel error: cannot send/recv]
Sep 18 00:35:01 april-dell org.gnome.Shell.desktop[1561]: ###!!! [Parent][MessageChannel] Error: (msgtype=0x39001D,name=PContent::Msg_RegisterChromeItem) Channel error: cannot send/recv
Sep 18 00:35:01 april-dell org.gnome.Shell.desktop[1561]: message repeated 7 times: [ ###!!! [Parent][MessageChannel] Error: (msgtype=0x39001D,name=PContent::Msg_RegisterChromeItem) Channel error: cannot send/recv]
Sep 18 00:35:01 april-dell org.gnome.Shell.desktop[1561]: ###!!! [Parent][MessageChannel] Error: (msgtype=0x39013A,name=PContent::Msg_AsyncMessage) Channel error: cannot send/recv
Sep 18 00:35:01 april-dell org.gnome.Shell.desktop[1561]: message repeated 7 times: [ ###!!! [Parent][MessageChannel] Error: (msgtype=0x39013A,name=PContent::Msg_AsyncMessage) Channel error: cannot send/recv]
Sep 18 00:35:01 april-dell org.gnome.Shell.desktop[1561]: ###!!! [Parent][MessageChannel] Error: (msgtype=0x21004D,name=PBrowser::Msg_FlushTabState) Channel error: cannot send/recv
Sep 18 00:35:01 april-dell org.gnome.Shell.desktop[1561]: ###!!! [Parent][MessageChannel] Error: (msgtype=0x210094,name=PBrowser::Msg_Destroy) Channel error: cannot send/recv
Sep 18 00:35:01 april-dell org.gnome.Shell.desktop[1561]: ###!!! [Parent][MessageChannel] Error: (msgtype=0x39013A,name=PContent::Msg_AsyncMessage) Channel error: cannot send/recv
Sep 18 00:35:01 april-dell org.gnome.Shell.desktop[1561]: message repeated 15 times: [ ###!!! [Parent][MessageChannel] Error: (msgtype=0x39013A,name=PContent::Msg_AsyncMessage) Channel error: cannot send/recv]
Sep 18 00:35:01 april-dell org.gnome.Shell.desktop[1561]: ###!!! [Parent][MessageChannel] Error: (msgtype=0x21004D,name=PBrowser::Msg_FlushTabState) Channel error: cannot send/recv
Sep 18 00:35:01 april-dell org.gnome.Shell.desktop[1561]: ###!!! [Parent][MessageChannel] Error: (msgtype=0x210094,name=PBrowser::Msg_Destroy) Channel error: cannot send/recv
Sep 18 00:35:01 april-dell org.gnome.Shell.desktop[1561]: ###!!! [Parent][MessageChannel] Error: (msgtype=0x39013A,name=PContent::Msg_AsyncMessage) Channel error: cannot send/recv
Sep 18 00:35:01 april-dell org.gnome.Shell.desktop[1561]: message repeated 15 times: [ ###!!! [Parent][MessageChannel] Error: (msgtype=0x39013A,name=PContent::Msg_AsyncMessage) Channel error: cannot send/recv]
Sep 18 00:35:01 april-dell org.gnome.Shell.desktop[1561]: ###!!! [Parent][MessageChannel] Error: (msgtype=0x21004D,name=PBrowser::Msg_FlushTabState) Channel error: cannot send/recv
Sep 18 00:35:01 april-dell org.gnome.Shell.desktop[1561]: ###!!! [Parent][MessageChannel] Error: (msgtype=0x210094,name=PBrowser::Msg_Destroy) Channel error: cannot send/recv
Sep 18 00:35:01 april-dell org.gnome.Shell.desktop[1561]: ###!!! [Parent][MessageChannel] Error: (msgtype=0x39013A,name=PContent::Msg_AsyncMessage) Channel error: cannot send/recv
Sep 18 00:35:01 april-dell org.gnome.Shell.desktop[1561]: message repeated 31 times: [ ###!!! [Parent][MessageChannel] Error: (msgtype=0x39013A,name=PContent::Msg_AsyncMessage) Channel error: cannot send/recv]
Sep 18 00:35:01 april-dell org.gnome.Shell.desktop[1561]: ###!!! [Parent][MessageChannel] Error: (msgtype=0x21004D,name=PBrowser::Msg_FlushTabState) Channel error: cannot send/recv
Sep 18 00:35:01 april-dell org.gnome.Shell.desktop[1561]: ###!!! [Parent][MessageChannel] Error: (msgtype=0x210094,name=PBrowser::Msg_Destroy) Channel error: cannot send/recv
Sep 18 00:35:01 april-dell org.gnome.Shell.desktop[1561]: ###!!! [Parent][MessageChannel] Error: (msgtype=0x39013A,name=PContent::Msg_AsyncMessage) Channel error: cannot send/recv
Sep 18 00:35:01 april-dell org.gnome.Shell.desktop[1561]: ###!!! [Parent][MessageChannel] Error: (msgtype=0x39013A,name=PContent::Msg_AsyncMessage) Channel error: cannot send/recv
Sep 18 00:35:01 april-dell org.gnome.Shell.desktop[1561]: message repeated 14 times: [ ###!!! [Parent][MessageChannel] Error: (msgtype=0x39013A,name=PContent::Msg_AsyncMessage) Channel error: cannot send/recv]
Sep 18 00:35:01 april-dell org.gnome.Shell.desktop[1561]: ###!!! [Parent][MessageChannel] Error: (msgtype=0x210001,name=PBrowser::Msg_AsyncMessage) Channel error: cannot send/recv
Sep 18 00:35:01 april-dell org.gnome.Shell.desktop[1561]: message repeated 10 times: [ ###!!! [Parent][MessageChannel] Error: (msgtype=0x210001,name=PBrowser::Msg_AsyncMessage) Channel error: cannot send/recv]
Sep 18 00:35:01 april-dell org.gnome.Shell.desktop[1561]: ###!!! [Parent][MessageChannel] Error: (msgtype=0x21004D,name=PBrowser::Msg_FlushTabState) Channel error: cannot send/recv
Sep 18 00:35:01 april-dell org.gnome.Shell.desktop[1561]: ###!!! [Parent][MessageChannel] Error: (msgtype=0x210094,name=PBrowser::Msg_Destroy) Channel error: cannot send/recv
Sep 18 00:35:01 april-dell org.gnome.Shell.desktop[1561]: ###!!! [Parent][MessageChannel] Error: (msgtype=0x39013A,name=PContent::Msg_AsyncMessage) Channel error: cannot send/recv
Sep 18 00:35:01 april-dell org.gnome.Shell.desktop[1561]: message repeated 111 times: [ ###!!! [Parent][MessageChannel] Error: (msgtype=0x39013A,name=PContent::Msg_AsyncMessage) Channel error: cannot send/recv]
Sep 18 00:35:01 april-dell org.gnome.Shell.desktop[1561]: ###!!! [Parent][MessageChannel] Error: (msgtype=0x21004D,name=PBrowser::Msg_FlushTabState) Channel error: cannot send/recv
Sep 18 00:35:01 april-dell org.gnome.Shell.desktop[1561]: ###!!! [Parent][MessageChannel] Error: (msgtype=0x210094,name=PBrowser::Msg_Destroy) Channel error: cannot send/recv
Sep 18 00:35:01 april-dell org.gnome.Shell.desktop[1561]: ###!!! [Parent][MessageChannel] Error: (msgtype=0x39013A,name=PContent::Msg_AsyncMessage) Channel error: cannot send/recv
Sep 18 00:35:01 april-dell org.gnome.Shell.desktop[1561]: message repeated 7 times: [ ###!!! [Parent][MessageChannel] Error: (msgtype=0x39013A,name=PContent::Msg_AsyncMessage) Channel error: cannot send/recv]
Sep 18 00:35:01 april-dell MainThread[3529]: Owner of volume monitor org.gtk.vfs.UDisks2VolumeMonitor disconnected from the bus; removing drives/volumes/mounts
Sep 18 00:35:01 april-dell MainThread[3529]: Owner of volume monitor org.gtk.vfs.AfcVolumeMonitor disconnected from the bus; removing drives/volumes/mounts
Sep 18 00:35:01 april-dell MainThread[3529]: Owner of volume monitor org.gtk.vfs.MTPVolumeMonitor disconnected from the bus; removing drives/volumes/mounts
Sep 18 00:35:01 april-dell MainThread[3529]: Owner of volume monitor org.gtk.vfs.GoaVolumeMonitor disconnected from the bus; removing drives/volumes/mounts
Sep 18 00:35:01 april-dell MainThread[3529]: Owner of volume monitor org.gtk.vfs.GPhoto2VolumeMonitor disconnected from the bus; removing drives/volumes/mounts
Sep 18 00:35:01 april-dell systemd[1]: Stopped target RPC Port Mapper.
Sep 18 11:23:24 april-dell kernel: [    0.000000] microcode: microcode updated early to revision 0xdc, date = 2020-04-27
Sep 18 11:23:24 april-dell kernel: [    0.000000] Linux version 5.4.0-47-generic (buildd@lgw01-amd64-038) (gcc version 7.5.0 (Ubuntu 7.5.0-3ubuntu1~18.04)) #51~18.04.1-Ubuntu SMP Sat Sep 5 14:35:50 UTC 2020 (Ubuntu 5.4.0-47.51~18.04.1-generic 5.4.55)
Sep 18 11:23:24 april-dell kernel: [    0.000000] Command line: BOOT_IMAGE=/boot/vmlinuz-5.4.0-47-generic root=UUID=158a49ee-b2ef-4d12-bb61-c42fe13ff017 ro quiet splash vt.handoff=1
Sep 18 11:23:24 april-dell kernel: [    0.000000] KERNEL supported cpus:
Sep 18 11:23:24 april-dell kernel: [    0.000000]   Intel GenuineIntel
Sep 18 11:23:24 april-dell kernel: [    0.000000]   AMD AuthenticAMD
Sep 18 11:23:24 april-dell kernel: [    0.000000]   Hygon HygonGenuine
Sep 18 11:23:24 april-dell kernel: [    0.000000]   Centaur CentaurHauls
Sep 18 11:23:24 april-dell kernel: [    0.000000]   zhaoxin   Shanghai  
Sep 18 11:23:24 april-dell kernel: [    0.000000] x86/fpu: Supporting XSAVE feature 0x001: 'x87 floating point registers'
Sep 18 11:23:24 april-dell kernel: [    0.000000] x86/fpu: Supporting XSAVE feature 0x002: 'SSE registers'
Sep 18 11:23:24 april-dell kernel: [    0.000000] x86/fpu: Supporting XSAVE feature 0x004: 'AVX registers'
Sep 18 11:23:24 april-dell kernel: [    0.000000] x86/fpu: Supporting XSAVE feature 0x008: 'MPX bounds registers'
Sep 18 11:23:24 april-dell kernel: [    0.000000] x86/fpu: Supporting XSAVE feature 0x010: 'MPX CSR'
Sep 18 11:23:24 april-dell kernel: [    0.000000] x86/fpu: xstate_offset[2]:  576, xstate_sizes[2]:  256
Sep 18 11:23:24 april-dell kernel: [    0.000000] x86/fpu: xstate_offset[3]:  832, xstate_sizes[3]:   64
Sep 18 11:23:24 april-dell kernel: [    0.000000] x86/fpu: xstate_offset[4]:  896, xstate_sizes[4]:   64
Sep 18 11:23:24 april-dell kernel: [    0.000000] x86/fpu: Enabled xstate features 0x1f, context size is 960 bytes, using 'compacted' format.
Sep 18 11:23:24 april-dell kernel: [    0.000000] BIOS-provided physical RAM map:
Sep 18 11:23:24 april-dell kernel: [    0.000000] BIOS-e820: [mem 0x0000000000000000-0x000000000009c7ff] usable
Sep 18 11:23:24 april-dell kernel: [    0.000000] BIOS-e820: [mem 0x000000000009c800-0x000000000009ffff] reserved
Sep 18 11:23:24 april-dell kernel: [    0.000000] BIOS-e820: [mem 0x00000000000e0000-0x00000000000fffff] reserved
Sep 18 11:23:24 april-dell kernel: [    0.000000] BIOS-e820: [mem 0x0000000000100000-0x0000000072b60fff] usable
Sep 18 11:23:24 april-dell kernel: [    0.000000] BIOS-e820: [mem 0x0000000072b61000-0x0000000072b61fff] ACPI NVS
Sep 18 11:23:24 april-dell kernel: [    0.000000] BIOS-e820: [mem 0x0000000072b62000-0x0000000072b8bfff] reserved
Sep 18 11:23:24 april-dell kernel: [    0.000000] BIOS-e820: [mem 0x0000000072b8c000-0x0000000072bdcfff] usable
Sep 18 11:23:24 april-dell kernel: [    0.000000] BIOS-e820: [mem 0x0000000072bdd000-0x000000007312bfff] reserved
Sep 18 11:23:24 april-dell kernel: [    0.000000] BIOS-e820: [mem 0x000000007312c000-0x0000000076720fff] usable
Sep 18 11:23:24 april-dell kernel: [    0.000000] BIOS-e820: [mem 0x0000000076721000-0x0000000077596fff] reserved
Sep 18 11:23:24 april-dell kernel: [    0.000000] BIOS-e820: [mem 0x0000000077597000-0x00000000775bdfff] ACPI data
Sep 18 11:23:24 april-dell kernel: [    0.000000] BIOS-e820: [mem 0x00000000775be000-0x0000000077c11fff] ACPI NVS
Sep 18 11:23:24 april-dell kernel: [    0.000000] BIOS-e820: [mem 0x0000000077c12000-0x0000000077ffefff] reserved
Sep 18 11:23:24 april-dell kernel: [    0.000000] BIOS-e820: [mem 0x0000000077fff000-0x0000000077ffffff] usable
Sep 18 11:23:24 april-dell kernel: [    0.000000] BIOS-e820: [mem 0x0000000078000000-0x00000000780fffff] reserved
Sep 18 11:23:24 april-dell kernel: [    0.000000] BIOS-e820: [mem 0x00000000e0000000-0x00000000efffffff] reserved
Sep 18 11:23:24 april-dell kernel: [    0.000000] BIOS-e820: [mem 0x00000000fe000000-0x00000000fe010fff] reserved
Sep 18 11:23:24 april-dell kernel: [    0.000000] BIOS-e820: [mem 0x00000000fec00000-0x00000000fec00fff] reserved
Sep 18 11:23:24 april-dell kernel: [    0.000000] BIOS-e820: [mem 0x00000000fee00000-0x00000000fee00fff] reserved
Sep 18 11:23:24 april-dell kernel: [    0.000000] BIOS-e820: [mem 0x00000000ff000000-0x00000000ffffffff] reserved
Sep 18 11:23:24 april-dell kernel: [    0.000000] BIOS-e820: [mem 0x0000000100000000-0x0000000281ffffff] usable
Sep 18 11:23:24 april-dell kernel: [    0.000000] NX (Execute Disable) protection: active
Sep 18 11:23:24 april-dell kernel: [    0.000000] SMBIOS 3.0.0 present.
Sep 18 11:23:24 april-dell kernel: [    0.000000] DMI: Dell Inc. Inspiron 7559/0H87XC, BIOS 1.1.3 11/05/2015
Sep 18 11:23:24 april-dell kernel: [    0.000000] tsc: Detected 2300.000 MHz processor
Sep 18 11:23:24 april-dell kernel: [    0.002405] tsc: Detected 2299.968 MHz TSC
Sep 18 11:23:24 april-dell kernel: [    0.002406] e820: update [mem 0x00000000-0x00000fff] usable ==> reserved
Sep 18 11:23:24 april-dell kernel: [    0.002408] e820: remove [mem 0x000a0000-0x000fffff] usable
Sep 18 11:23:24 april-dell kernel: [    0.002416] last_pfn = 0x282000 max_arch_pfn = 0x400000000
Sep 18 11:23:24 april-dell kernel: [    0.002420] MTRR default type: write-back
Sep 18 11:23:24 april-dell kernel: [    0.002420] MTRR fixed ranges enabled:
Sep 18 11:23:24 april-dell kernel: [    0.002422]   00000-9FFFF write-back
Sep 18 11:23:24 april-dell kernel: [    0.002422]   A0000-BFFFF uncachable
Sep 18 11:23:24 april-dell kernel: [    0.002423]   C0000-FFFFF write-protect
Sep 18 11:23:24 april-dell kernel: [    0.002424] MTRR variable ranges enabled:
Sep 18 11:23:24 april-dell kernel: [    0.002426]   0 base 0080000000 mask 7F80000000 uncachable
Sep 18 11:23:24 april-dell kernel: [    0.002427]   1 base 007C000000 mask 7FFC000000 uncachable
Sep 18 11:23:24 april-dell kernel: [    0.002428]   2 base 007A000000 mask 7FFE000000 uncachable
Sep 18 11:23:24 april-dell kernel: [    0.002428]   3 base 0079000000 mask 7FFF000000 uncachable
Sep 18 11:23:24 april-dell kernel: [    0.002429]   4 base 0078800000 mask 7FFF800000 uncachable
Sep 18 11:23:24 april-dell kernel: [    0.002430]   5 disabled
Sep 18 11:23:24 april-dell kernel: [    0.002430]   6 disabled
Sep 18 11:23:24 april-dell kernel: [    0.002431]   7 disabled
Sep 18 11:23:24 april-dell kernel: [    0.002431]   8 disabled
Sep 18 11:23:24 april-dell kernel: [    0.002432]   9 disabled
Sep 18 11:23:24 april-dell kernel: [    0.002800] x86/PAT: Configuration [0-7]: WB  WC  UC- UC  WB  WP  UC- WT  
Sep 18 11:23:24 april-dell kernel: [    0.002976] last_pfn = 0x78000 max_arch_pfn = 0x400000000
Sep 18 11:23:24 april-dell kernel: [    0.012172] found SMP MP-table at [mem 0x000fcff0-0x000fcfff]
Sep 18 11:23:24 april-dell kernel: [    0.012270] check: Scanning 1 areas for low memory corruption
Sep 18 11:23:24 april-dell kernel: [    0.012275] Using GB pages for direct mapping
Sep 18 11:23:24 april-dell kernel: [    0.012742] RAMDISK: [mem 0x33227000-0x3590afff]
Sep 18 11:23:24 april-dell kernel: [    0.012749] ACPI: Early table checksum verification disabled
Sep 18 11:23:24 april-dell kernel: [    0.012753] ACPI: RSDP 0x00000000000F05B0 000024 (v02 DELL  )
Sep 18 11:23:24 april-dell kernel: [    0.012756] ACPI: XSDT 0x00000000775970B0 0000DC (v01 DELL   QA09     01072009 AMI  00010013)
Sep 18 11:23:24 april-dell kernel: [    0.012762] ACPI: FACP 0x00000000775B0458 00010C (v05 DELL   QA09     01072009 AMI  00010013)
Sep 18 11:23:24 april-dell kernel: [    0.012767] ACPI: DSDT 0x0000000077597218 01923F (v02 DELL   QA09     01072009 INTL 20120913)
Sep 18 11:23:24 april-dell kernel: [    0.012771] ACPI: FACS 0x0000000077C0EF80 000040
Sep 18 11:23:24 april-dell kernel: [    0.012773] ACPI: APIC 0x00000000775B0568 000084 (v03 DELL   QA09     01072009 AMI  00010013)
Sep 18 11:23:24 april-dell kernel: [    0.012776] ACPI: FPDT 0x00000000775B05F0 000044 (v01 DELL   QA09     01072009 AMI  00010013)
Sep 18 11:23:24 april-dell kernel: [    0.012778] ACPI: FIDT 0x00000000775B0638 00009C (v01 DELL   QA09     01072009 AMI  00010013)
Sep 18 11:23:24 april-dell kernel: [    0.012781] ACPI: MCFG 0x00000000775B06D8 00003C (v01 DELL   QA09     01072009 MSFT 00000097)
Sep 18 11:23:24 april-dell kernel: [    0.012784] ACPI: HPET 0x00000000775B0718 000038 (v01 DELL   QA09     01072009 AMI. 0005000B)
Sep 18 11:23:24 april-dell kernel: [    0.012787] ACPI: SSDT 0x00000000775B0750 000315 (v01 SataRe SataTabl 00001000 INTL 20120913)
Sep 18 11:23:24 april-dell kernel: [    0.012790] ACPI: LPIT 0x00000000775B0A68 000094 (v01 INTEL  SKL      00000000 MSFT 0000005F)
Sep 18 11:23:24 april-dell kernel: [    0.012793] ACPI: SSDT 0x00000000775B0B00 000248 (v02 INTEL  sensrhub 00000000 INTL 20120913)
Sep 18 11:23:24 april-dell kernel: [    0.012795] ACPI: SSDT 0x00000000775B0D48 000ED1 (v02 INTEL  PtidDevc 00001000 INTL 20120913)
Sep 18 11:23:24 april-dell kernel: [    0.012798] ACPI: SSDT 0x00000000775B1C20 000C45 (v02 INTEL  Ther_Rvp 00001000 INTL 20120913)
Sep 18 11:23:24 april-dell kernel: [    0.012801] ACPI: DBGP 0x00000000775B2868 000034 (v01 INTEL           00000000 MSFT 0000005F)
Sep 18 11:23:24 april-dell kernel: [    0.012804] ACPI: DBG2 0x00000000775B28A0 000054 (v00 INTEL           00000000 MSFT 0000005F)
Sep 18 11:23:24 april-dell kernel: [    0.012806] ACPI: SSDT 0x00000000775B28F8 0035D6 (v02 DptfTa DptfTabl 00001000 INTL 20120913)
Sep 18 11:23:24 april-dell kernel: [    0.012809] ACPI: BOOT 0x00000000775B5ED0 000028 (v01 DELL   QA09     01072009 AMI  00010013)
Sep 18 11:23:24 april-dell kernel: [    0.012812] ACPI: SLIC 0x00000000775B5EF8 000176 (v01 DELL   QA09     01072009 AMI  00010013)
Sep 18 11:23:24 april-dell kernel: [    0.012814] ACPI: SSDT 0x00000000775B6070 005380 (v02 SaSsdt SaSsdt   00003000 INTL 20120913)
Sep 18 11:23:24 april-dell kernel: [    0.012817] ACPI: UEFI 0x00000000775BB3F0 000042 (v01                 00000000      00000000)
Sep 18 11:23:24 april-dell kernel: [    0.012820] ACPI: MSDM 0x00000000775BB438 000055 (v03 DELL   QA09     01072009 AMI  00010013)
Sep 18 11:23:24 april-dell kernel: [    0.012823] ACPI: SSDT 0x00000000775BB490 000E58 (v02 CpuRef CpuSsdt  00003000 INTL 20120913)
Sep 18 11:23:24 april-dell kernel: [    0.012825] ACPI: SSDT 0x00000000775BC2E8 0000D1 (v02 SgRef  SgPeg    00001000 INTL 20120913)
Sep 18 11:23:24 april-dell kernel: [    0.012828] ACPI: DMAR 0x00000000775BC3C0 0000CC (v01 INTEL  SKL      00000001 INTL 00000001)
Sep 18 11:23:24 april-dell kernel: [    0.012831] ACPI: SSDT 0x00000000775BC490 0019FF (v01 OptRef OptTabl  00001000 INTL 20120913)
Sep 18 11:23:24 april-dell kernel: [    0.012841] ACPI: Local APIC address 0xfee00000
Sep 18 11:23:24 april-dell kernel: [    0.013031] No NUMA configuration found
Sep 18 11:23:24 april-dell kernel: [    0.013032] Faking a node at [mem 0x0000000000000000-0x0000000281ffffff]
Sep 18 11:23:24 april-dell kernel: [    0.013043] NODE_DATA(0) allocated [mem 0x281fd5000-0x281ffffff]
Sep 18 11:23:24 april-dell kernel: [    0.013310] Zone ranges:
Sep 18 11:23:24 april-dell kernel: [    0.013310]   DMA      [mem 0x0000000000001000-0x0000000000ffffff]
Sep 18 11:23:24 april-dell kernel: [    0.013312]   DMA32    [mem 0x0000000001000000-0x00000000ffffffff]
Sep 18 11:23:24 april-dell kernel: [    0.013313]   Normal   [mem 0x0000000100000000-0x0000000281ffffff]
Sep 18 11:23:24 april-dell kernel: [    0.013314]   Device   empty
Sep 18 11:23:24 april-dell kernel: [    0.013315] Movable zone start for each node
Sep 18 11:23:24 april-dell kernel: [    0.013318] Early memory node ranges
Sep 18 11:23:24 april-dell kernel: [    0.013319]   node   0: [mem 0x0000000000001000-0x000000000009bfff]
Sep 18 11:23:24 april-dell kernel: [    0.013320]   node   0: [mem 0x0000000000100000-0x0000000072b60fff]
Sep 18 11:23:24 april-dell kernel: [    0.013321]   node   0: [mem 0x0000000072b8c000-0x0000000072bdcfff]
Sep 18 11:23:24 april-dell kernel: [    0.013322]   node   0: [mem 0x000000007312c000-0x0000000076720fff]
Sep 18 11:23:24 april-dell kernel: [    0.013322]   node   0: [mem 0x0000000077fff000-0x0000000077ffffff]
Sep 18 11:23:24 april-dell kernel: [    0.013323]   node   0: [mem 0x0000000100000000-0x0000000281ffffff]
Sep 18 11:23:24 april-dell kernel: [    0.013657] Zeroed struct page in unavailable ranges: 32445 pages
Sep 18 11:23:24 april-dell kernel: [    0.013659] Initmem setup node 0 [mem 0x0000000000001000-0x0000000281ffffff]
Sep 18 11:23:24 april-dell kernel: [    0.013660] On node 0 totalpages: 2064707
Sep 18 11:23:24 april-dell kernel: [    0.013661]   DMA zone: 64 pages used for memmap
Sep 18 11:23:24 april-dell kernel: [    0.013662]   DMA zone: 21 pages reserved
Sep 18 11:23:24 april-dell kernel: [    0.013663]   DMA zone: 3995 pages, LIFO batch:0
Sep 18 11:23:24 april-dell kernel: [    0.013716]   DMA32 zone: 7495 pages used for memmap
Sep 18 11:23:24 april-dell kernel: [    0.013717]   DMA32 zone: 479656 pages, LIFO batch:63
Sep 18 11:23:24 april-dell kernel: [    0.022560]   Normal zone: 24704 pages used for memmap
Sep 18 11:23:24 april-dell kernel: [    0.022561]   Normal zone: 1581056 pages, LIFO batch:63
Sep 18 11:23:24 april-dell kernel: [    0.041683] Reserving Intel graphics memory at [mem 0x79000000-0x7cffffff]
Sep 18 11:23:24 april-dell kernel: [    0.041840] ACPI: PM-Timer IO Port: 0x1808
Sep 18 11:23:24 april-dell kernel: [    0.041841] ACPI: Local APIC address 0xfee00000
Sep 18 11:23:24 april-dell kernel: [    0.041848] ACPI: LAPIC_NMI (acpi_id[0x01] high edge lint[0x1])
Sep 18 11:23:24 april-dell kernel: [    0.041849] ACPI: LAPIC_NMI (acpi_id[0x02] high edge lint[0x1])
Sep 18 11:23:24 april-dell kernel: [    0.041849] ACPI: LAPIC_NMI (acpi_id[0x03] high edge lint[0x1])
Sep 18 11:23:24 april-dell kernel: [    0.041850] ACPI: LAPIC_NMI (acpi_id[0x04] high edge lint[0x1])
Sep 18 11:23:24 april-dell kernel: [    0.041877] IOAPIC[0]: apic_id 2, version 32, address 0xfec00000, GSI 0-119
Sep 18 11:23:24 april-dell kernel: [    0.041879] ACPI: INT_SRC_OVR (bus 0 bus_irq 0 global_irq 2 dfl dfl)
Sep 18 11:23:24 april-dell kernel: [    0.041880] ACPI: INT_SRC_OVR (bus 0 bus_irq 9 global_irq 9 high level)
Sep 18 11:23:24 april-dell kernel: [    0.041881] ACPI: IRQ0 used by override.
Sep 18 11:23:24 april-dell kernel: [    0.041882] ACPI: IRQ9 used by override.
Sep 18 11:23:24 april-dell kernel: [    0.041884] Using ACPI (MADT) for SMP configuration information
Sep 18 11:23:24 april-dell kernel: [    0.041886] ACPI: HPET id: 0x8086a701 base: 0xfed00000
Sep 18 11:23:24 april-dell kernel: [    0.041888] TSC deadline timer available
Sep 18 11:23:24 april-dell kernel: [    0.041890] smpboot: Allowing 4 CPUs, 0 hotplug CPUs
Sep 18 11:23:24 april-dell kernel: [    0.041907] PM: Registered nosave memory: [mem 0x00000000-0x00000fff]
Sep 18 11:23:24 april-dell kernel: [    0.041909] PM: Registered nosave memory: [mem 0x0009c000-0x0009cfff]
Sep 18 11:23:24 april-dell kernel: [    0.041909] PM: Registered nosave memory: [mem 0x0009d000-0x0009ffff]
Sep 18 11:23:24 april-dell kernel: [    0.041910] PM: Registered nosave memory: [mem 0x000a0000-0x000dffff]
Sep 18 11:23:24 april-dell kernel: [    0.041912] PM: Registered nosave memory: [mem 0x000e0000-0x000fffff]
Sep 18 11:23:24 april-dell kernel: [    0.041914] PM: Registered nosave memory: [mem 0x72b61000-0x72b61fff]
Sep 18 11:23:24 april-dell kernel: [    0.041914] PM: Registered nosave memory: [mem 0x72b62000-0x72b8bfff]
Sep 18 11:23:24 april-dell kernel: [    0.041916] PM: Registered nosave memory: [mem 0x72bdd000-0x7312bfff]
Sep 18 11:23:24 april-dell kernel: [    0.041917] PM: Registered nosave memory: [mem 0x76721000-0x77596fff]
Sep 18 11:23:24 april-dell kernel: [    0.041918] PM: Registered nosave memory: [mem 0x77597000-0x775bdfff]
Sep 18 11:23:24 april-dell kernel: [    0.041918] PM: Registered nosave memory: [mem 0x775be000-0x77c11fff]
Sep 18 11:23:24 april-dell kernel: [    0.041919] PM: Registered nosave memory: [mem 0x77c12000-0x77ffefff]
Sep 18 11:23:24 april-dell kernel: [    0.041920] PM: Registered nosave memory: [mem 0x78000000-0x780fffff]
Sep 18 11:23:24 april-dell kernel: [    0.041921] PM: Registered nosave memory: [mem 0x78100000-0x78ffffff]
Sep 18 11:23:24 april-dell kernel: [    0.041922] PM: Registered nosave memory: [mem 0x79000000-0x7cffffff]
Sep 18 11:23:24 april-dell kernel: [    0.041922] PM: Registered nosave memory: [mem 0x7d000000-0xdfffffff]
Sep 18 11:23:24 april-dell kernel: [    0.041923] PM: Registered nosave memory: [mem 0xe0000000-0xefffffff]
Sep 18 11:23:24 april-dell kernel: [    0.041923] PM: Registered nosave memory: [mem 0xf0000000-0xfdffffff]
Sep 18 11:23:24 april-dell kernel: [    0.041924] PM: Registered nosave memory: [mem 0xfe000000-0xfe010fff]
Sep 18 11:23:24 april-dell kernel: [    0.041924] PM: Registered nosave memory: [mem 0xfe011000-0xfebfffff]
Sep 18 11:23:24 april-dell kernel: [    0.041925] PM: Registered nosave memory: [mem 0xfec00000-0xfec00fff]
Sep 18 11:23:24 april-dell kernel: [    0.041926] PM: Registered nosave memory: [mem 0xfec01000-0xfedfffff]
Sep 18 11:23:24 april-dell kernel: [    0.041926] PM: Registered nosave memory: [mem 0xfee00000-0xfee00fff]
Sep 18 11:23:24 april-dell kernel: [    0.041927] PM: Registered nosave memory: [mem 0xfee01000-0xfeffffff]
Sep 18 11:23:24 april-dell kernel: [    0.041927] PM: Registered nosave memory: [mem 0xff000000-0xffffffff]
Sep 18 11:23:24 april-dell kernel: [    0.041929] [mem 0x7d000000-0xdfffffff] available for PCI devices
Sep 18 11:23:24 april-dell kernel: [    0.041930] Booting paravirtualized kernel on bare hardware
Sep 18 11:23:24 april-dell kernel: [    0.041933] clocksource: refined-jiffies: mask: 0xffffffff max_cycles: 0xffffffff, max_idle_ns: 7645519600211568 ns
Sep 18 11:23:24 april-dell kernel: [    0.041938] setup_percpu: NR_CPUS:8192 nr_cpumask_bits:4 nr_cpu_ids:4 nr_node_ids:1
Sep 18 11:23:24 april-dell kernel: [    0.042169] percpu: Embedded 54 pages/cpu s184320 r8192 d28672 u524288
Sep 18 11:23:24 april-dell kernel: [    0.042175] pcpu-alloc: s184320 r8192 d28672 u524288 alloc=1*2097152
Sep 18 11:23:24 april-dell kernel: [    0.042176] pcpu-alloc: [0] 0 1 2 3 
Sep 18 11:23:24 april-dell kernel: [    0.042201] Built 1 zonelists, mobility grouping on.  Total pages: 2032423
Sep 18 11:23:24 april-dell kernel: [    0.042201] Policy zone: Normal
Sep 18 11:23:24 april-dell kernel: [    0.042203] Kernel command line: BOOT_IMAGE=/boot/vmlinuz-5.4.0-47-generic root=UUID=158a49ee-b2ef-4d12-bb61-c42fe13ff017 ro quiet splash vt.handoff=1
Sep 18 11:23:24 april-dell kernel: [    0.042928] Dentry cache hash table entries: 1048576 (order: 11, 8388608 bytes, linear)
Sep 18 11:23:24 april-dell kernel: [    0.043270] Inode-cache hash table entries: 524288 (order: 10, 4194304 bytes, linear)
Sep 18 11:23:24 april-dell kernel: [    0.043327] mem auto-init: stack:off, heap alloc:on, heap free:off
Sep 18 11:23:24 april-dell kernel: [    0.049127] Calgary: detecting Calgary via BIOS EBDA area
Sep 18 11:23:24 april-dell kernel: [    0.049129] Calgary: Unable to locate Rio Grande table in EBDA - bailing!
Sep 18 11:23:24 april-dell kernel: [    0.077904] Memory: 7975728K/8258828K available (14339K kernel code, 2379K rwdata, 4928K rodata, 2704K init, 5020K bss, 283100K reserved, 0K cma-reserved)
Sep 18 11:23:24 april-dell kernel: [    0.077911] random: get_random_u64 called from __kmem_cache_create+0x41/0x550 with crng_init=0
Sep 18 11:23:24 april-dell kernel: [    0.078055] SLUB: HWalign=64, Order=0-3, MinObjects=0, CPUs=4, Nodes=1
Sep 18 11:23:24 april-dell kernel: [    0.078070] Kernel/User page tables isolation: enabled
Sep 18 11:23:24 april-dell kernel: [    0.078103] ftrace: allocating 44208 entries in 173 pages
Sep 18 11:23:24 april-dell kernel: [    0.099115] rcu: Hierarchical RCU implementation.
Sep 18 11:23:24 april-dell kernel: [    0.099117] rcu: 	RCU restricting CPUs from NR_CPUS=8192 to nr_cpu_ids=4.
Sep 18 11:23:24 april-dell kernel: [    0.099118] 	Tasks RCU enabled.
Sep 18 11:23:24 april-dell kernel: [    0.099119] rcu: RCU calculated value of scheduler-enlistment delay is 25 jiffies.
Sep 18 11:23:24 april-dell kernel: [    0.099119] rcu: Adjusting geometry for rcu_fanout_leaf=16, nr_cpu_ids=4
Sep 18 11:23:24 april-dell kernel: [    0.102325] NR_IRQS: 524544, nr_irqs: 1024, preallocated irqs: 16
Sep 18 11:23:24 april-dell kernel: [    0.102816] random: crng done (trusting CPU's manufacturer)
Sep 18 11:23:24 april-dell kernel: [    0.102851] spurious 8259A interrupt: IRQ7.
Sep 18 11:23:24 april-dell kernel: [    0.102870] vt handoff: transparent VT on vt#1
Sep 18 11:23:24 april-dell kernel: [    0.102880] Console: colour dummy device 80x25
Sep 18 11:23:24 april-dell kernel: [    0.102884] printk: console [tty0] enabled
Sep 18 11:23:24 april-dell kernel: [    0.102904] ACPI: Core revision 20190816
Sep 18 11:23:24 april-dell kernel: [    0.103192] clocksource: hpet: mask: 0xffffffff max_cycles: 0xffffffff, max_idle_ns: 79635855245 ns
Sep 18 11:23:24 april-dell kernel: [    0.103292] APIC: Switch to symmetric I/O mode setup
Sep 18 11:23:24 april-dell kernel: [    0.103294] DMAR: Host address width 39
Sep 18 11:23:24 april-dell kernel: [    0.103295] DMAR: DRHD base: 0x000000fed90000 flags: 0x0
Sep 18 11:23:24 april-dell kernel: [    0.103300] DMAR: dmar0: reg_base_addr fed90000 ver 1:0 cap 1c0000c40660462 ecap 7e3ff0501e
Sep 18 11:23:24 april-dell kernel: [    0.103301] DMAR: DRHD base: 0x000000fed91000 flags: 0x1
Sep 18 11:23:24 april-dell kernel: [    0.103304] DMAR: dmar1: reg_base_addr fed91000 ver 1:0 cap d2008c40660462 ecap f050da
Sep 18 11:23:24 april-dell kernel: [    0.103305] DMAR: RMRR base: 0x00000077339000 end: 0x00000077358fff
Sep 18 11:23:24 april-dell kernel: [    0.103306] DMAR: RMRR base: 0x00000078800000 end: 0x0000007cffffff
Sep 18 11:23:24 april-dell kernel: [    0.103307] DMAR: ANDD device: 1 name: \_SB.PCI0.I2C0
Sep 18 11:23:24 april-dell kernel: [    0.103308] DMAR-IR: IOAPIC id 2 under DRHD base  0xfed91000 IOMMU 1
Sep 18 11:23:24 april-dell kernel: [    0.103309] DMAR-IR: HPET id 0 under DRHD base 0xfed91000
Sep 18 11:23:24 april-dell kernel: [    0.103310] DMAR-IR: x2apic is disabled because BIOS sets x2apic opt out bit.
Sep 18 11:23:24 april-dell kernel: [    0.103311] DMAR-IR: Use 'intremap=no_x2apic_optout' to override the BIOS setting.
Sep 18 11:23:24 april-dell kernel: [    0.105071] DMAR-IR: Enabled IRQ remapping in xapic mode
Sep 18 11:23:24 april-dell kernel: [    0.105072] x2apic: IRQ remapping doesn't support X2APIC mode
Sep 18 11:23:24 april-dell kernel: [    0.109099] ..TIMER: vector=0x30 apic1=0 pin1=2 apic2=-1 pin2=-1
Sep 18 11:23:24 april-dell kernel: [    0.127274] clocksource: tsc-early: mask: 0xffffffffffffffff max_cycles: 0x212717146a7, max_idle_ns: 440795291431 ns
Sep 18 11:23:24 april-dell kernel: [    0.127278] Calibrating delay loop (skipped), value calculated using timer frequency.. 4599.93 BogoMIPS (lpj=9199872)
Sep 18 11:23:24 april-dell kernel: [    0.127280] pid_max: default: 32768 minimum: 301
Sep 18 11:23:24 april-dell kernel: [    0.127318] LSM: Security Framework initializing
Sep 18 11:23:24 april-dell kernel: [    0.127328] Yama: becoming mindful.
Sep 18 11:23:24 april-dell kernel: [    0.127360] AppArmor: AppArmor initialized
Sep 18 11:23:24 april-dell kernel: [    0.127416] Mount-cache hash table entries: 16384 (order: 5, 131072 bytes, linear)
Sep 18 11:23:24 april-dell kernel: [    0.127439] Mountpoint-cache hash table entries: 16384 (order: 5, 131072 bytes, linear)
Sep 18 11:23:24 april-dell kernel: [    0.127454] *** VALIDATE tmpfs ***
Sep 18 11:23:24 april-dell kernel: [    0.127612] *** VALIDATE proc ***
Sep 18 11:23:24 april-dell kernel: [    0.127681] *** VALIDATE cgroup1 ***
Sep 18 11:23:24 april-dell kernel: [    0.127682] *** VALIDATE cgroup2 ***
Sep 18 11:23:24 april-dell kernel: [    0.127750] mce: CPU0: Thermal monitoring enabled (TM1)
Sep 18 11:23:24 april-dell kernel: [    0.127773] process: using mwait in idle threads
Sep 18 11:23:24 april-dell kernel: [    0.127775] Last level iTLB entries: 4KB 128, 2MB 8, 4MB 8
Sep 18 11:23:24 april-dell kernel: [    0.127776] Last level dTLB entries: 4KB 64, 2MB 0, 4MB 0, 1GB 4
Sep 18 11:23:24 april-dell kernel: [    0.127779] Spectre V1 : Mitigation: usercopy/swapgs barriers and __user pointer sanitization
Sep 18 11:23:24 april-dell kernel: [    0.127781] Spectre V2 : Mitigation: Full generic retpoline
Sep 18 11:23:24 april-dell kernel: [    0.127781] Spectre V2 : Spectre v2 / SpectreRSB mitigation: Filling RSB on context switch
Sep 18 11:23:24 april-dell kernel: [    0.127782] Spectre V2 : Enabling Restricted Speculation for firmware calls
Sep 18 11:23:24 april-dell kernel: [    0.127783] Spectre V2 : mitigation: Enabling conditional Indirect Branch Prediction Barrier
Sep 18 11:23:24 april-dell kernel: [    0.127785] Speculative Store Bypass: Mitigation: Speculative Store Bypass disabled via prctl and seccomp
Sep 18 11:23:24 april-dell kernel: [    0.127788] TAA: Mitigation: Clear CPU buffers
Sep 18 11:23:24 april-dell kernel: [    0.127791] SRBDS: Mitigation: Microcode
Sep 18 11:23:24 april-dell kernel: [    0.127791] MDS: Mitigation: Clear CPU buffers
Sep 18 11:23:24 april-dell kernel: [    0.128068] Freeing SMP alternatives memory: 40K
Sep 18 11:23:24 april-dell kernel: [    0.131369] smpboot: CPU0: Intel(R) Core(TM) i5-6300HQ CPU @ 2.30GHz (family: 0x6, model: 0x5e, stepping: 0x3)
Sep 18 11:23:24 april-dell kernel: [    0.131514] Performance Events: PEBS fmt3+, Skylake events, 32-deep LBR, full-width counters, Intel PMU driver.
Sep 18 11:23:24 april-dell kernel: [    0.131520] ... version:                4
Sep 18 11:23:24 april-dell kernel: [    0.131521] ... bit width:              48
Sep 18 11:23:24 april-dell kernel: [    0.131521] ... generic registers:      8
Sep 18 11:23:24 april-dell kernel: [    0.131522] ... value mask:             0000ffffffffffff
Sep 18 11:23:24 april-dell kernel: [    0.131522] ... max period:             00007fffffffffff
Sep 18 11:23:24 april-dell kernel: [    0.131523] ... fixed-purpose events:   3
Sep 18 11:23:24 april-dell kernel: [    0.131524] ... event mask:             00000007000000ff
Sep 18 11:23:24 april-dell kernel: [    0.131566] rcu: Hierarchical SRCU implementation.
Sep 18 11:23:24 april-dell kernel: [    0.132635] NMI watchdog: Enabled. Permanently consumes one hw-PMU counter.
Sep 18 11:23:24 april-dell kernel: [    0.132690] smp: Bringing up secondary CPUs ...
Sep 18 11:23:24 april-dell kernel: [    0.132795] x86: Booting SMP configuration:
Sep 18 11:23:24 april-dell kernel: [    0.132796] .... node  #0, CPUs:      #1 #2 #3
Sep 18 11:23:24 april-dell kernel: [    0.140674] smp: Brought up 1 node, 4 CPUs
Sep 18 11:23:24 april-dell kernel: [    0.140674] smpboot: Max logical packages: 1
Sep 18 11:23:24 april-dell kernel: [    0.140674] smpboot: Total of 4 processors activated (18399.74 BogoMIPS)
Sep 18 11:23:24 april-dell kernel: [    0.140674] devtmpfs: initialized
Sep 18 11:23:24 april-dell kernel: [    0.140674] x86/mm: Memory block size: 128MB
Sep 18 11:23:24 april-dell kernel: [    0.140674] PM: Registering ACPI NVS region [mem 0x72b61000-0x72b61fff] (4096 bytes)
Sep 18 11:23:24 april-dell kernel: [    0.140674] PM: Registering ACPI NVS region [mem 0x775be000-0x77c11fff] (6635520 bytes)
Sep 18 11:23:24 april-dell kernel: [    0.140674] clocksource: jiffies: mask: 0xffffffff max_cycles: 0xffffffff, max_idle_ns: 7645041785100000 ns
Sep 18 11:23:24 april-dell kernel: [    0.140674] futex hash table entries: 1024 (order: 4, 65536 bytes, linear)
Sep 18 11:23:24 april-dell kernel: [    0.140674] pinctrl core: initialized pinctrl subsystem
Sep 18 11:23:24 april-dell kernel: [    0.143429] PM: RTC time: 17:23:19, date: 2020-09-18
Sep 18 11:23:24 april-dell kernel: [    0.143551] NET: Registered protocol family 16
Sep 18 11:23:24 april-dell kernel: [    0.143644] audit: initializing netlink subsys (disabled)
Sep 18 11:23:24 april-dell kernel: [    0.143651] audit: type=2000 audit(1600449799.040:1): state=initialized audit_enabled=0 res=1
Sep 18 11:23:24 april-dell kernel: [    0.143651] EISA bus registered
Sep 18 11:23:24 april-dell kernel: [    0.143651] cpuidle: using governor ladder
Sep 18 11:23:24 april-dell kernel: [    0.143651] cpuidle: using governor menu
Sep 18 11:23:24 april-dell kernel: [    0.143651] Simple Boot Flag at 0x47 set to 0x1
Sep 18 11:23:24 april-dell kernel: [    0.143651] ACPI FADT declares the system doesn't support PCIe ASPM, so disable it
Sep 18 11:23:24 april-dell kernel: [    0.143651] ACPI: bus type PCI registered
Sep 18 11:23:24 april-dell kernel: [    0.143651] acpiphp: ACPI Hot Plug PCI Controller Driver version: 0.5
Sep 18 11:23:24 april-dell kernel: [    0.143651] PCI: MMCONFIG for domain 0000 [bus 00-ff] at [mem 0xe0000000-0xefffffff] (base 0xe0000000)
Sep 18 11:23:24 april-dell kernel: [    0.143651] PCI: MMCONFIG at [mem 0xe0000000-0xefffffff] reserved in E820
Sep 18 11:23:24 april-dell kernel: [    0.143651] PCI: Using configuration type 1 for base access
Sep 18 11:23:24 april-dell kernel: [    0.143803] ENERGY_PERF_BIAS: Set to 'normal', was 'performance'
Sep 18 11:23:24 april-dell kernel: [    0.144856] HugeTLB registered 1.00 GiB page size, pre-allocated 0 pages
Sep 18 11:23:24 april-dell kernel: [    0.144856] HugeTLB registered 2.00 MiB page size, pre-allocated 0 pages
Sep 18 11:23:24 april-dell kernel: [    0.147280] ACPI: Added _OSI(Module Device)
Sep 18 11:23:24 april-dell kernel: [    0.147280] ACPI: Added _OSI(Processor Device)
Sep 18 11:23:24 april-dell kernel: [    0.147280] ACPI: Added _OSI(3.0 _SCP Extensions)
Sep 18 11:23:24 april-dell kernel: [    0.147280] ACPI: Added _OSI(Processor Aggregator Device)
Sep 18 11:23:24 april-dell kernel: [    0.147280] ACPI: Added _OSI(Linux-Dell-Video)
Sep 18 11:23:24 april-dell kernel: [    0.147280] ACPI: Added _OSI(Linux-Lenovo-NV-HDMI-Audio)
Sep 18 11:23:24 april-dell kernel: [    0.147280] ACPI: Added _OSI(Linux-HPI-Hybrid-Graphics)
Sep 18 11:23:24 april-dell kernel: [    0.193786] ACPI: 10 ACPI AML tables successfully acquired and loaded
Sep 18 11:23:24 april-dell kernel: [    0.197348] ACPI: [Firmware Bug]: BIOS _OSI(Linux) query ignored
Sep 18 11:23:24 april-dell kernel: [    0.203404] ACPI: Dynamic OEM Table Load:
Sep 18 11:23:24 april-dell kernel: [    0.203412] ACPI: SSDT 0xFFFF94CA382B7000 000579 (v02 PmRef  Cpu0Ist  00003000 INTL 20120913)
Sep 18 11:23:24 april-dell kernel: [    0.205396] ACPI: \_PR_.CPU0: _OSC native thermal LVT Acked
Sep 18 11:23:24 april-dell kernel: [    0.205396] ACPI: Dynamic OEM Table Load:
Sep 18 11:23:24 april-dell kernel: [    0.205396] ACPI: SSDT 0xFFFF94CA37C6D400 00037F (v02 PmRef  Cpu0Cst  00003001 INTL 20120913)
Sep 18 11:23:24 april-dell kernel: [    0.209813] ACPI: Dynamic OEM Table Load:
Sep 18 11:23:24 april-dell kernel: [    0.209819] ACPI: SSDT 0xFFFF94CA38816000 0005AA (v02 PmRef  ApIst    00003000 INTL 20120913)
Sep 18 11:23:24 april-dell kernel: [    0.212134] ACPI: Dynamic OEM Table Load:
Sep 18 11:23:24 april-dell kernel: [    0.212138] ACPI: SSDT 0xFFFF94CA37F07400 000119 (v02 PmRef  ApCst    00003000 INTL 20120913)
Sep 18 11:23:24 april-dell kernel: [    0.216503] ACPI: EC: EC started
Sep 18 11:23:24 april-dell kernel: [    0.216504] ACPI: EC: interrupt blocked
Sep 18 11:23:24 april-dell kernel: [    0.217990] ACPI: \_SB_.PCI0.LPCB.EC__: Used as first EC
Sep 18 11:23:24 april-dell kernel: [    0.217992] ACPI: \_SB_.PCI0.LPCB.EC__: GPE=0x46, EC_CMD/EC_SC=0x66, EC_DATA=0x62
Sep 18 11:23:24 april-dell kernel: [    0.217993] ACPI: \_SB_.PCI0.LPCB.EC__: Boot DSDT EC used to handle transactions
Sep 18 11:23:24 april-dell kernel: [    0.217993] ACPI: Interpreter enabled
Sep 18 11:23:24 april-dell kernel: [    0.218041] ACPI: (supports S0 S3 S4 S5)
Sep 18 11:23:24 april-dell kernel: [    0.218042] ACPI: Using IOAPIC for interrupt routing
Sep 18 11:23:24 april-dell kernel: [    0.218087] PCI: Using host bridge windows from ACPI; if necessary, use "pci=nocrs" and report a bug
Sep 18 11:23:24 april-dell kernel: [    0.218956] ACPI: Enabled 7 GPEs in block 00 to 7F
Sep 18 11:23:24 april-dell kernel: [    0.232807] ACPI: Power Resource [PG00] (on)
Sep 18 11:23:24 april-dell kernel: [    0.307533] ACPI: Power Resource [FN00] (off)
Sep 18 11:23:24 april-dell kernel: [    0.307624] ACPI: Power Resource [FN01] (off)
Sep 18 11:23:24 april-dell kernel: [    0.307713] ACPI: Power Resource [FN02] (off)
Sep 18 11:23:24 april-dell kernel: [    0.307805] ACPI: Power Resource [FN03] (off)
Sep 18 11:23:24 april-dell kernel: [    0.307892] ACPI: Power Resource [FN04] (off)
Sep 18 11:23:24 april-dell kernel: [    0.309592] ACPI: PCI Root Bridge [PCI0] (domain 0000 [bus 00-fe])
Sep 18 11:23:24 april-dell kernel: [    0.309599] acpi PNP0A08:00: _OSC: OS supports [ExtendedConfig ASPM ClockPM Segments MSI HPX-Type3]
Sep 18 11:23:24 april-dell kernel: [    0.309655] acpi PNP0A08:00: _OSC failed (AE_ERROR); disabling ASPM
Sep 18 11:23:24 april-dell kernel: [    0.310629] PCI host bridge to bus 0000:00
Sep 18 11:23:24 april-dell kernel: [    0.310631] pci_bus 0000:00: root bus resource [io  0x0000-0x0cf7 window]
Sep 18 11:23:24 april-dell kernel: [    0.310632] pci_bus 0000:00: root bus resource [io  0x0d00-0xffff window]
Sep 18 11:23:24 april-dell kernel: [    0.310634] pci_bus 0000:00: root bus resource [mem 0x000a0000-0x000bffff window]
Sep 18 11:23:24 april-dell kernel: [    0.310635] pci_bus 0000:00: root bus resource [mem 0x7d000000-0xdfffffff window]
Sep 18 11:23:24 april-dell kernel: [    0.310636] pci_bus 0000:00: root bus resource [mem 0xfd000000-0xfe7fffff window]
Sep 18 11:23:24 april-dell kernel: [    0.310637] pci_bus 0000:00: root bus resource [bus 00-fe]
Sep 18 11:23:24 april-dell kernel: [    0.310648] pci 0000:00:00.0: [8086:1910] type 00 class 0x060000
Sep 18 11:23:24 april-dell kernel: [    0.310793] pci 0000:00:01.0: [8086:1901] type 01 class 0x060400
Sep 18 11:23:24 april-dell kernel: [    0.310844] pci 0000:00:01.0: PME# supported from D0 D3hot D3cold
Sep 18 11:23:24 april-dell kernel: [    0.311073] pci 0000:00:01.1: [8086:1905] type 01 class 0x060400
Sep 18 11:23:24 april-dell kernel: [    0.311123] pci 0000:00:01.1: PME# supported from D0 D3hot D3cold
Sep 18 11:23:24 april-dell kernel: [    0.311367] pci 0000:00:02.0: [8086:191b] type 00 class 0x030000
Sep 18 11:23:24 april-dell kernel: [    0.311378] pci 0000:00:02.0: reg 0x10: [mem 0xdd000000-0xddffffff 64bit]
Sep 18 11:23:24 april-dell kernel: [    0.311384] pci 0000:00:02.0: reg 0x18: [mem 0xb0000000-0xbfffffff 64bit pref]
Sep 18 11:23:24 april-dell kernel: [    0.311388] pci 0000:00:02.0: reg 0x20: [io  0xf000-0xf03f]
Sep 18 11:23:24 april-dell kernel: [    0.311568] pci 0000:00:04.0: [8086:1903] type 00 class 0x118000
Sep 18 11:23:24 april-dell kernel: [    0.311580] pci 0000:00:04.0: reg 0x10: [mem 0xdf420000-0xdf427fff 64bit]
Sep 18 11:23:24 april-dell kernel: [    0.311834] pci 0000:00:14.0: [8086:a12f] type 00 class 0x0c0330
Sep 18 11:23:24 april-dell kernel: [    0.311855] pci 0000:00:14.0: reg 0x10: [mem 0xdf410000-0xdf41ffff 64bit]
Sep 18 11:23:24 april-dell kernel: [    0.311920] pci 0000:00:14.0: PME# supported from D3hot D3cold
Sep 18 11:23:24 april-dell kernel: [    0.312104] pci 0000:00:14.2: [8086:a131] type 00 class 0x118000
Sep 18 11:23:24 april-dell kernel: [    0.312125] pci 0000:00:14.2: reg 0x10: [mem 0xdf437000-0xdf437fff 64bit]
Sep 18 11:23:24 april-dell kernel: [    0.312410] pci 0000:00:15.0: [8086:a160] type 00 class 0x118000
Sep 18 11:23:24 april-dell kernel: [    0.312673] pci 0000:00:15.0: reg 0x10: [mem 0xdf436000-0xdf436fff 64bit]
Sep 18 11:23:24 april-dell kernel: [    0.313655] pci 0000:00:16.0: [8086:a13a] type 00 class 0x078000
Sep 18 11:23:24 april-dell kernel: [    0.313680] pci 0000:00:16.0: reg 0x10: [mem 0xdf435000-0xdf435fff 64bit]
Sep 18 11:23:24 april-dell kernel: [    0.313748] pci 0000:00:16.0: PME# supported from D3hot
Sep 18 11:23:24 april-dell kernel: [    0.313940] pci 0000:00:17.0: [8086:a103] type 00 class 0x010601
Sep 18 11:23:24 april-dell kernel: [    0.313957] pci 0000:00:17.0: reg 0x10: [mem 0xdf430000-0xdf431fff]
Sep 18 11:23:24 april-dell kernel: [    0.313964] pci 0000:00:17.0: reg 0x14: [mem 0xdf434000-0xdf4340ff]
Sep 18 11:23:24 april-dell kernel: [    0.313971] pci 0000:00:17.0: reg 0x18: [io  0xf090-0xf097]
Sep 18 11:23:24 april-dell kernel: [    0.313977] pci 0000:00:17.0: reg 0x1c: [io  0xf080-0xf083]
Sep 18 11:23:24 april-dell kernel: [    0.313984] pci 0000:00:17.0: reg 0x20: [io  0xf060-0xf07f]
Sep 18 11:23:24 april-dell kernel: [    0.313991] pci 0000:00:17.0: reg 0x24: [mem 0xdf433000-0xdf4337ff]
Sep 18 11:23:24 april-dell kernel: [    0.314031] pci 0000:00:17.0: PME# supported from D3hot
Sep 18 11:23:24 april-dell kernel: [    0.314224] pci 0000:00:1c.0: [8086:a110] type 01 class 0x060400
Sep 18 11:23:24 april-dell kernel: [    0.314303] pci 0000:00:1c.0: PME# supported from D0 D3hot D3cold
Sep 18 11:23:24 april-dell kernel: [    0.314535] pci 0000:00:1c.4: [8086:a114] type 01 class 0x060400
Sep 18 11:23:24 april-dell kernel: [    0.314610] pci 0000:00:1c.4: PME# supported from D0 D3hot D3cold
Sep 18 11:23:24 april-dell kernel: [    0.314845] pci 0000:00:1c.5: [8086:a115] type 01 class 0x060400
Sep 18 11:23:24 april-dell kernel: [    0.314922] pci 0000:00:1c.5: PME# supported from D0 D3hot D3cold
Sep 18 11:23:24 april-dell kernel: [    0.315157] pci 0000:00:1c.6: [8086:a116] type 01 class 0x060400
Sep 18 11:23:24 april-dell kernel: [    0.315232] pci 0000:00:1c.6: PME# supported from D0 D3hot D3cold
Sep 18 11:23:24 april-dell kernel: [    0.315474] pci 0000:00:1f.0: [8086:a14e] type 00 class 0x060100
Sep 18 11:23:24 april-dell kernel: [    0.315753] pci 0000:00:1f.2: [8086:a121] type 00 class 0x058000
Sep 18 11:23:24 april-dell kernel: [    0.315769] pci 0000:00:1f.2: reg 0x10: [mem 0xdf42c000-0xdf42ffff]
Sep 18 11:23:24 april-dell kernel: [    0.315989] pci 0000:00:1f.3: [8086:a170] type 00 class 0x040300
Sep 18 11:23:24 april-dell kernel: [    0.316017] pci 0000:00:1f.3: reg 0x10: [mem 0xdf428000-0xdf42bfff 64bit]
Sep 18 11:23:24 april-dell kernel: [    0.316049] pci 0000:00:1f.3: reg 0x20: [mem 0xdf400000-0xdf40ffff 64bit]
Sep 18 11:23:24 april-dell kernel: [    0.316099] pci 0000:00:1f.3: PME# supported from D3hot D3cold
Sep 18 11:23:24 april-dell kernel: [    0.316366] pci 0000:00:1f.4: [8086:a123] type 00 class 0x0c0500
Sep 18 11:23:24 april-dell kernel: [    0.316426] pci 0000:00:1f.4: reg 0x10: [mem 0xdf432000-0xdf4320ff 64bit]
Sep 18 11:23:24 april-dell kernel: [    0.316495] pci 0000:00:1f.4: reg 0x20: [io  0xf040-0xf05f]
Sep 18 11:23:24 april-dell kernel: [    0.316771] pci 0000:00:01.0: PCI bridge to [bus 01]
Sep 18 11:23:24 april-dell kernel: [    0.316816] pci 0000:02:00.0: [10de:139b] type 00 class 0x030200
Sep 18 11:23:24 april-dell kernel: [    0.316831] pci 0000:02:00.0: reg 0x10: [mem 0xde000000-0xdeffffff]
Sep 18 11:23:24 april-dell kernel: [    0.316839] pci 0000:02:00.0: reg 0x14: [mem 0xc0000000-0xcfffffff 64bit pref]
Sep 18 11:23:24 april-dell kernel: [    0.316846] pci 0000:02:00.0: reg 0x1c: [mem 0xd0000000-0xd1ffffff 64bit pref]
Sep 18 11:23:24 april-dell kernel: [    0.316852] pci 0000:02:00.0: reg 0x24: [io  0xe000-0xe07f]
Sep 18 11:23:24 april-dell kernel: [    0.316857] pci 0000:02:00.0: reg 0x30: [mem 0xdf000000-0xdf07ffff pref]
Sep 18 11:23:24 april-dell kernel: [    0.316872] pci 0000:02:00.0: Enabling HDA controller
Sep 18 11:23:24 april-dell kernel: [    0.316915] pci 0000:02:00.0: 63.008 Gb/s available PCIe bandwidth, limited by 8 GT/s x8 link at 0000:00:01.1 (capable of 126.016 Gb/s with 8 GT/s x16 link)
Sep 18 11:23:24 april-dell kernel: [    0.317042] pci 0000:00:01.1: PCI bridge to [bus 02]
Sep 18 11:23:24 april-dell kernel: [    0.317045] pci 0000:00:01.1:   bridge window [io  0xe000-0xefff]
Sep 18 11:23:24 april-dell kernel: [    0.317047] pci 0000:00:01.1:   bridge window [mem 0xde000000-0xdf0fffff]
Sep 18 11:23:24 april-dell kernel: [    0.317050] pci 0000:00:01.1:   bridge window [mem 0xc0000000-0xd1ffffff 64bit pref]
Sep 18 11:23:24 april-dell kernel: [    0.317134] acpiphp: Slot [1] registered
Sep 18 11:23:24 april-dell kernel: [    0.317139] pci 0000:00:1c.0: PCI bridge to [bus 03]
Sep 18 11:23:24 april-dell kernel: [    0.317240] pci 0000:04:00.0: [10ec:8168] type 00 class 0x020000
Sep 18 11:23:24 april-dell kernel: [    0.317268] pci 0000:04:00.0: reg 0x10: [io  0xd000-0xd0ff]
Sep 18 11:23:24 april-dell kernel: [    0.317294] pci 0000:04:00.0: reg 0x18: [mem 0xdf304000-0xdf304fff 64bit]
Sep 18 11:23:24 april-dell kernel: [    0.317310] pci 0000:04:00.0: reg 0x20: [mem 0xdf300000-0xdf303fff 64bit]
Sep 18 11:23:24 april-dell kernel: [    0.317411] pci 0000:04:00.0: supports D1 D2
Sep 18 11:23:24 april-dell kernel: [    0.317412] pci 0000:04:00.0: PME# supported from D0 D1 D2 D3hot D3cold
Sep 18 11:23:24 april-dell kernel: [    0.317550] pci 0000:00:1c.4: PCI bridge to [bus 04]
Sep 18 11:23:24 april-dell kernel: [    0.317552] pci 0000:00:1c.4:   bridge window [io  0xd000-0xdfff]
Sep 18 11:23:24 april-dell kernel: [    0.317555] pci 0000:00:1c.4:   bridge window [mem 0xdf300000-0xdf3fffff]
Sep 18 11:23:24 april-dell kernel: [    0.317786] pci 0000:05:00.0: [8086:3165] type 00 class 0x028000
Sep 18 11:23:24 april-dell kernel: [    0.317883] pci 0000:05:00.0: reg 0x10: [mem 0xdf200000-0xdf201fff 64bit]
Sep 18 11:23:24 april-dell kernel: [    0.318262] pci 0000:05:00.0: PME# supported from D0 D3hot D3cold
Sep 18 11:23:24 april-dell kernel: [    0.318744] pci 0000:00:1c.5: PCI bridge to [bus 05]
Sep 18 11:23:24 april-dell kernel: [    0.318748] pci 0000:00:1c.5:   bridge window [mem 0xdf200000-0xdf2fffff]
Sep 18 11:23:24 april-dell kernel: [    0.318837] pci 0000:06:00.0: [10ec:522a] type 00 class 0xff0000
Sep 18 11:23:24 april-dell kernel: [    0.318865] pci 0000:06:00.0: reg 0x10: [mem 0xdf100000-0xdf100fff]
Sep 18 11:23:24 april-dell kernel: [    0.318997] pci 0000:06:00.0: supports D1 D2
Sep 18 11:23:24 april-dell kernel: [    0.318998] pci 0000:06:00.0: PME# supported from D1 D2 D3hot D3cold
Sep 18 11:23:24 april-dell kernel: [    0.319121] pci 0000:00:1c.6: PCI bridge to [bus 06]
Sep 18 11:23:24 april-dell kernel: [    0.319125] pci 0000:00:1c.6:   bridge window [mem 0xdf100000-0xdf1fffff]
Sep 18 11:23:24 april-dell kernel: [    0.321255] ACPI: PCI Interrupt Link [LNKA] (IRQs 3 4 5 6 10 *11 12 14 15)
Sep 18 11:23:24 april-dell kernel: [    0.321330] ACPI: PCI Interrupt Link [LNKB] (IRQs 3 4 5 6 *10 11 12 14 15)
Sep 18 11:23:24 april-dell kernel: [    0.321405] ACPI: PCI Interrupt Link [LNKC] (IRQs 3 4 5 6 10 *11 12 14 15)
Sep 18 11:23:24 april-dell kernel: [    0.321478] ACPI: PCI Interrupt Link [LNKD] (IRQs 3 4 5 6 10 *11 12 14 15)
Sep 18 11:23:24 april-dell kernel: [    0.321555] ACPI: PCI Interrupt Link [LNKE] (IRQs 3 4 5 6 10 *11 12 14 15)
Sep 18 11:23:24 april-dell kernel: [    0.321629] ACPI: PCI Interrupt Link [LNKF] (IRQs 3 4 5 6 10 *11 12 14 15)
Sep 18 11:23:24 april-dell kernel: [    0.321704] ACPI: PCI Interrupt Link [LNKG] (IRQs 3 4 5 6 10 *11 12 14 15)
Sep 18 11:23:24 april-dell kernel: [    0.321777] ACPI: PCI Interrupt Link [LNKH] (IRQs 3 4 5 6 10 *11 12 14 15)
Sep 18 11:23:24 april-dell kernel: [    0.322716] ACPI: EC: interrupt unblocked
Sep 18 11:23:24 april-dell kernel: [    0.322733] ACPI: EC: event unblocked
Sep 18 11:23:24 april-dell kernel: [    0.322746] ACPI: \_SB_.PCI0.LPCB.EC__: GPE=0x46, EC_CMD/EC_SC=0x66, EC_DATA=0x62
Sep 18 11:23:24 april-dell kernel: [    0.322748] ACPI: \_SB_.PCI0.LPCB.EC__: Boot DSDT EC used to handle transactions and events
Sep 18 11:23:24 april-dell kernel: [    0.322834] iommu: Default domain type: Translated 
Sep 18 11:23:24 april-dell kernel: [    0.322834] SCSI subsystem initialized
Sep 18 11:23:24 april-dell kernel: [    0.322834] libata version 3.00 loaded.
Sep 18 11:23:24 april-dell kernel: [    0.322834] pci 0000:00:02.0: vgaarb: setting as boot VGA device
Sep 18 11:23:24 april-dell kernel: [    0.322834] pci 0000:00:02.0: vgaarb: VGA device added: decodes=io+mem,owns=io+mem,locks=none
Sep 18 11:23:24 april-dell kernel: [    0.322834] pci 0000:00:02.0: vgaarb: bridge control possible
Sep 18 11:23:24 april-dell kernel: [    0.322834] vgaarb: loaded
Sep 18 11:23:24 april-dell kernel: [    0.322834] ACPI: bus type USB registered
Sep 18 11:23:24 april-dell kernel: [    0.322834] usbcore: registered new interface driver usbfs
Sep 18 11:23:24 april-dell kernel: [    0.322834] usbcore: registered new interface driver hub
Sep 18 11:23:24 april-dell kernel: [    0.322834] usbcore: registered new device driver usb
Sep 18 11:23:24 april-dell kernel: [    0.322834] pps_core: LinuxPPS API ver. 1 registered
Sep 18 11:23:24 april-dell kernel: [    0.322834] pps_core: Software ver. 5.3.6 - Copyright 2005-2007 Rodolfo Giometti <giometti@linux.it>
Sep 18 11:23:24 april-dell kernel: [    0.322834] PTP clock support registered
Sep 18 11:23:24 april-dell kernel: [    0.322834] EDAC MC: Ver: 3.0.0
Sep 18 11:23:24 april-dell kernel: [    0.323477] PCI: Using ACPI for IRQ routing
Sep 18 11:23:24 april-dell kernel: [    0.348285] PCI: pci_cache_line_size set to 64 bytes
Sep 18 11:23:24 april-dell kernel: [    0.348628] e820: reserve RAM buffer [mem 0x0009c800-0x0009ffff]
Sep 18 11:23:24 april-dell kernel: [    0.348629] e820: reserve RAM buffer [mem 0x72b61000-0x73ffffff]
Sep 18 11:23:24 april-dell kernel: [    0.348630] e820: reserve RAM buffer [mem 0x72bdd000-0x73ffffff]
Sep 18 11:23:24 april-dell kernel: [    0.348631] e820: reserve RAM buffer [mem 0x76721000-0x77ffffff]
Sep 18 11:23:24 april-dell kernel: [    0.348632] e820: reserve RAM buffer [mem 0x282000000-0x283ffffff]
Sep 18 11:23:24 april-dell kernel: [    0.348733] NetLabel: Initializing
Sep 18 11:23:24 april-dell kernel: [    0.348733] NetLabel:  domain hash size = 128
Sep 18 11:23:24 april-dell kernel: [    0.348734] NetLabel:  protocols = UNLABELED CIPSOv4 CALIPSO
Sep 18 11:23:24 april-dell kernel: [    0.348758] NetLabel:  unlabeled traffic allowed by default
Sep 18 11:23:24 april-dell kernel: [    0.351881] hpet0: at MMIO 0xfed00000, IRQs 2, 8, 0, 0, 0, 0, 0, 0
Sep 18 11:23:24 april-dell kernel: [    0.351885] hpet0: 8 comparators, 64-bit 24.000000 MHz counter
Sep 18 11:23:24 april-dell kernel: [    0.351885] clocksource: Switched to clocksource tsc-early
Sep 18 11:23:24 april-dell kernel: [    0.363946] *** VALIDATE bpf ***
Sep 18 11:23:24 april-dell kernel: [    0.364025] VFS: Disk quotas dquot_6.6.0
Sep 18 11:23:24 april-dell kernel: [    0.364039] VFS: Dquot-cache hash table entries: 512 (order 0, 4096 bytes)
Sep 18 11:23:24 april-dell kernel: [    0.364063] *** VALIDATE ramfs ***
Sep 18 11:23:24 april-dell kernel: [    0.364066] *** VALIDATE hugetlbfs ***
Sep 18 11:23:24 april-dell kernel: [    0.364148] AppArmor: AppArmor Filesystem Enabled
Sep 18 11:23:24 april-dell kernel: [    0.364177] pnp: PnP ACPI init
Sep 18 11:23:24 april-dell kernel: [    0.364507] system 00:00: [io  0x0680-0x069f] has been reserved
Sep 18 11:23:24 april-dell kernel: [    0.364509] system 00:00: [io  0xffff] has been reserved
Sep 18 11:23:24 april-dell kernel: [    0.364510] system 00:00: [io  0xffff] has been reserved
Sep 18 11:23:24 april-dell kernel: [    0.364511] system 00:00: [io  0xffff] has been reserved
Sep 18 11:23:24 april-dell kernel: [    0.364513] system 00:00: [io  0x1800-0x18fe] has been reserved
Sep 18 11:23:24 april-dell kernel: [    0.364514] system 00:00: [io  0x164e-0x164f] has been reserved
Sep 18 11:23:24 april-dell kernel: [    0.364515] system 00:00: [io  0x0380-0x0387] has been reserved
Sep 18 11:23:24 april-dell kernel: [    0.364520] system 00:00: Plug and Play ACPI device, IDs PNP0c02 (active)
Sep 18 11:23:24 april-dell kernel: [    0.364640] system 00:01: [io  0x0800-0x087f] has been reserved
Sep 18 11:23:24 april-dell kernel: [    0.364643] system 00:01: Plug and Play ACPI device, IDs PNP0c02 (active)
Sep 18 11:23:24 april-dell kernel: [    0.364666] pnp 00:02: Plug and Play ACPI device, IDs PNP0b00 (active)
Sep 18 11:23:24 april-dell kernel: [    0.364714] system 00:03: [io  0x1854-0x1857] has been reserved
Sep 18 11:23:24 april-dell kernel: [    0.364718] system 00:03: Plug and Play ACPI device, IDs INT3f0d PNP0c02 (active)
Sep 18 11:23:24 april-dell kernel: [    0.365166] system 00:04: [mem 0xfed10000-0xfed17fff] has been reserved
Sep 18 11:23:24 april-dell kernel: [    0.365168] system 00:04: [mem 0xfed18000-0xfed18fff] has been reserved
Sep 18 11:23:24 april-dell kernel: [    0.365169] system 00:04: [mem 0xfed19000-0xfed19fff] has been reserved
Sep 18 11:23:24 april-dell kernel: [    0.365170] system 00:04: [mem 0xe0000000-0xefffffff] has been reserved
Sep 18 11:23:24 april-dell kernel: [    0.365172] system 00:04: [mem 0xfed20000-0xfed3ffff] has been reserved
Sep 18 11:23:24 april-dell kernel: [    0.365173] system 00:04: [mem 0xfed90000-0xfed93fff] could not be reserved
Sep 18 11:23:24 april-dell kernel: [    0.365174] system 00:04: [mem 0xfed45000-0xfed8ffff] has been reserved
Sep 18 11:23:24 april-dell kernel: [    0.365176] system 00:04: [mem 0xff000000-0xffffffff] has been reserved
Sep 18 11:23:24 april-dell kernel: [    0.365177] system 00:04: [mem 0xfee00000-0xfeefffff] could not be reserved
Sep 18 11:23:24 april-dell kernel: [    0.365179] system 00:04: [mem 0xdffe0000-0xdfffffff] has been reserved
Sep 18 11:23:24 april-dell kernel: [    0.365182] system 00:04: Plug and Play ACPI device, IDs PNP0c02 (active)
Sep 18 11:23:24 april-dell kernel: [    0.365237] system 00:05: [mem 0xfd000000-0xfdabffff] has been reserved
Sep 18 11:23:24 april-dell kernel: [    0.365238] system 00:05: [mem 0xfdad0000-0xfdadffff] has been reserved
Sep 18 11:23:24 april-dell kernel: [    0.365239] system 00:05: [mem 0xfdb00000-0xfdffffff] has been reserved
Sep 18 11:23:24 april-dell kernel: [    0.365241] system 00:05: [mem 0xfe000000-0xfe01ffff] could not be reserved
Sep 18 11:23:24 april-dell kernel: [    0.365242] system 00:05: [mem 0xfe036000-0xfe03bfff] has been reserved
Sep 18 11:23:24 april-dell kernel: [    0.365243] system 00:05: [mem 0xfe03d000-0xfe3fffff] has been reserved
Sep 18 11:23:24 april-dell kernel: [    0.365245] system 00:05: [mem 0xfe410000-0xfe7fffff] has been reserved
Sep 18 11:23:24 april-dell kernel: [    0.365248] system 00:05: Plug and Play ACPI device, IDs PNP0c02 (active)
Sep 18 11:23:24 april-dell kernel: [    0.365647] system 00:06: [io  0xff00-0xfffe] has been reserved
Sep 18 11:23:24 april-dell kernel: [    0.365650] system 00:06: Plug and Play ACPI device, IDs PNP0c02 (active)
Sep 18 11:23:24 april-dell kernel: [    0.367144] system 00:07: Plug and Play ACPI device, IDs PNP0c02 (active)
Sep 18 11:23:24 april-dell kernel: [    0.367727] pnp 00:08: Plug and Play ACPI device, IDs DLL0706 PNP0f13 (active)
Sep 18 11:23:24 april-dell kernel: [    0.367756] pnp 00:09: Plug and Play ACPI device, IDs PNP0303 (active)
Sep 18 11:23:24 april-dell kernel: [    0.368194] pnp: PnP ACPI: found 10 devices
Sep 18 11:23:24 april-dell kernel: [    0.369452] thermal_sys: Registered thermal governor 'fair_share'
Sep 18 11:23:24 april-dell kernel: [    0.369453] thermal_sys: Registered thermal governor 'bang_bang'
Sep 18 11:23:24 april-dell kernel: [    0.369454] thermal_sys: Registered thermal governor 'step_wise'
Sep 18 11:23:24 april-dell kernel: [    0.369454] thermal_sys: Registered thermal governor 'user_space'
Sep 18 11:23:24 april-dell kernel: [    0.369455] thermal_sys: Registered thermal governor 'power_allocator'
Sep 18 11:23:24 april-dell kernel: [    0.373963] clocksource: acpi_pm: mask: 0xffffff max_cycles: 0xffffff, max_idle_ns: 2085701024 ns
Sep 18 11:23:24 april-dell kernel: [    0.373997] pci 0000:00:1c.0: bridge window [io  0x1000-0x0fff] to [bus 03] add_size 1000
Sep 18 11:23:24 april-dell kernel: [    0.373999] pci 0000:00:1c.0: bridge window [mem 0x00100000-0x000fffff 64bit pref] to [bus 03] add_size 200000 add_align 100000
Sep 18 11:23:24 april-dell kernel: [    0.374001] pci 0000:00:1c.0: bridge window [mem 0x00100000-0x000fffff] to [bus 03] add_size 200000 add_align 100000
Sep 18 11:23:24 april-dell kernel: [    0.374008] pci 0000:00:1c.0: BAR 14: assigned [mem 0x7d000000-0x7d1fffff]
Sep 18 11:23:24 april-dell kernel: [    0.374013] pci 0000:00:1c.0: BAR 15: assigned [mem 0x7d200000-0x7d3fffff 64bit pref]
Sep 18 11:23:24 april-dell kernel: [    0.374015] pci 0000:00:1c.0: BAR 13: assigned [io  0x2000-0x2fff]
Sep 18 11:23:24 april-dell kernel: [    0.374018] pci 0000:00:01.0: PCI bridge to [bus 01]
Sep 18 11:23:24 april-dell kernel: [    0.374024] pci 0000:00:01.1: PCI bridge to [bus 02]
Sep 18 11:23:24 april-dell kernel: [    0.374026] pci 0000:00:01.1:   bridge window [io  0xe000-0xefff]
Sep 18 11:23:24 april-dell kernel: [    0.374028] pci 0000:00:01.1:   bridge window [mem 0xde000000-0xdf0fffff]
Sep 18 11:23:24 april-dell kernel: [    0.374030] pci 0000:00:01.1:   bridge window [mem 0xc0000000-0xd1ffffff 64bit pref]
Sep 18 11:23:24 april-dell kernel: [    0.374034] pci 0000:00:1c.0: PCI bridge to [bus 03]
Sep 18 11:23:24 april-dell kernel: [    0.374035] pci 0000:00:1c.0:   bridge window [io  0x2000-0x2fff]
Sep 18 11:23:24 april-dell kernel: [    0.374039] pci 0000:00:1c.0:   bridge window [mem 0x7d000000-0x7d1fffff]
Sep 18 11:23:24 april-dell kernel: [    0.374041] pci 0000:00:1c.0:   bridge window [mem 0x7d200000-0x7d3fffff 64bit pref]
Sep 18 11:23:24 april-dell kernel: [    0.374046] pci 0000:00:1c.4: PCI bridge to [bus 04]
Sep 18 11:23:24 april-dell kernel: [    0.374047] pci 0000:00:1c.4:   bridge window [io  0xd000-0xdfff]
Sep 18 11:23:24 april-dell kernel: [    0.374050] pci 0000:00:1c.4:   bridge window [mem 0xdf300000-0xdf3fffff]
Sep 18 11:23:24 april-dell kernel: [    0.374056] pci 0000:00:1c.5: PCI bridge to [bus 05]
Sep 18 11:23:24 april-dell kernel: [    0.374059] pci 0000:00:1c.5:   bridge window [mem 0xdf200000-0xdf2fffff]
Sep 18 11:23:24 april-dell kernel: [    0.374064] pci 0000:00:1c.6: PCI bridge to [bus 06]
Sep 18 11:23:24 april-dell kernel: [    0.374067] pci 0000:00:1c.6:   bridge window [mem 0xdf100000-0xdf1fffff]
Sep 18 11:23:24 april-dell kernel: [    0.374073] pci_bus 0000:00: resource 4 [io  0x0000-0x0cf7 window]
Sep 18 11:23:24 april-dell kernel: [    0.374074] pci_bus 0000:00: resource 5 [io  0x0d00-0xffff window]
Sep 18 11:23:24 april-dell kernel: [    0.374076] pci_bus 0000:00: resource 6 [mem 0x000a0000-0x000bffff window]
Sep 18 11:23:24 april-dell kernel: [    0.374077] pci_bus 0000:00: resource 7 [mem 0x7d000000-0xdfffffff window]
Sep 18 11:23:24 april-dell kernel: [    0.374078] pci_bus 0000:00: resource 8 [mem 0xfd000000-0xfe7fffff window]
Sep 18 11:23:24 april-dell kernel: [    0.374079] pci_bus 0000:02: resource 0 [io  0xe000-0xefff]
Sep 18 11:23:24 april-dell kernel: [    0.374080] pci_bus 0000:02: resource 1 [mem 0xde000000-0xdf0fffff]
Sep 18 11:23:24 april-dell kernel: [    0.374081] pci_bus 0000:02: resource 2 [mem 0xc0000000-0xd1ffffff 64bit pref]
Sep 18 11:23:24 april-dell kernel: [    0.374083] pci_bus 0000:03: resource 0 [io  0x2000-0x2fff]
Sep 18 11:23:24 april-dell kernel: [    0.374084] pci_bus 0000:03: resource 1 [mem 0x7d000000-0x7d1fffff]
Sep 18 11:23:24 april-dell kernel: [    0.374085] pci_bus 0000:03: resource 2 [mem 0x7d200000-0x7d3fffff 64bit pref]
Sep 18 11:23:24 april-dell kernel: [    0.374086] pci_bus 0000:04: resource 0 [io  0xd000-0xdfff]
Sep 18 11:23:24 april-dell kernel: [    0.374087] pci_bus 0000:04: resource 1 [mem 0xdf300000-0xdf3fffff]
Sep 18 11:23:24 april-dell kernel: [    0.374089] pci_bus 0000:05: resource 1 [mem 0xdf200000-0xdf2fffff]
Sep 18 11:23:24 april-dell kernel: [    0.374090] pci_bus 0000:06: resource 1 [mem 0xdf100000-0xdf1fffff]
Sep 18 11:23:24 april-dell kernel: [    0.374287] NET: Registered protocol family 2
Sep 18 11:23:24 april-dell kernel: [    0.374439] tcp_listen_portaddr_hash hash table entries: 4096 (order: 4, 65536 bytes, linear)
Sep 18 11:23:24 april-dell kernel: [    0.374492] TCP established hash table entries: 65536 (order: 7, 524288 bytes, linear)
Sep 18 11:23:24 april-dell kernel: [    0.374636] TCP bind hash table entries: 65536 (order: 8, 1048576 bytes, linear)
Sep 18 11:23:24 april-dell kernel: [    0.374715] TCP: Hash tables configured (established 65536 bind 65536)
Sep 18 11:23:24 april-dell kernel: [    0.374746] UDP hash table entries: 4096 (order: 5, 131072 bytes, linear)
Sep 18 11:23:24 april-dell kernel: [    0.374771] UDP-Lite hash table entries: 4096 (order: 5, 131072 bytes, linear)
Sep 18 11:23:24 april-dell kernel: [    0.374821] NET: Registered protocol family 1
Sep 18 11:23:24 april-dell kernel: [    0.374825] NET: Registered protocol family 44
Sep 18 11:23:24 april-dell kernel: [    0.374838] pci 0000:00:02.0: Video device with shadowed ROM at [mem 0x000c0000-0x000dffff]
Sep 18 11:23:24 april-dell kernel: [    0.375825] PCI: CLS 0 bytes, default 64
Sep 18 11:23:24 april-dell kernel: [    0.375859] Trying to unpack rootfs image as initramfs...
Sep 18 11:23:24 april-dell kernel: [    1.022418] Freeing initrd memory: 39824K
Sep 18 11:23:24 april-dell kernel: [    1.022458] DMAR: ACPI device "device:70" under DMAR at fed91000 as 00:15.0
Sep 18 11:23:24 april-dell kernel: [    1.039310] PCI-DMA: Using software bounce buffering for IO (SWIOTLB)
Sep 18 11:23:24 april-dell kernel: [    1.039311] software IO TLB: mapped [mem 0x6eb61000-0x72b61000] (64MB)
Sep 18 11:23:24 april-dell kernel: [    1.039546] check: Scanning for low memory corruption every 60 seconds
Sep 18 11:23:24 april-dell kernel: [    1.039987] Initialise system trusted keyrings
Sep 18 11:23:24 april-dell kernel: [    1.040012] Key type blacklist registered
Sep 18 11:23:24 april-dell kernel: [    1.040041] workingset: timestamp_bits=36 max_order=21 bucket_order=0
Sep 18 11:23:24 april-dell kernel: [    1.041379] zbud: loaded
Sep 18 11:23:24 april-dell kernel: [    1.041759] squashfs: version 4.0 (2009/01/31) Phillip Lougher
Sep 18 11:23:24 april-dell kernel: [    1.041903] fuse: init (API version 7.31)
Sep 18 11:23:24 april-dell kernel: [    1.041919] *** VALIDATE fuse ***
Sep 18 11:23:24 april-dell kernel: [    1.041921] *** VALIDATE fuse ***
Sep 18 11:23:24 april-dell kernel: [    1.042010] Platform Keyring initialized
Sep 18 11:23:24 april-dell kernel: [    1.045524] Key type asymmetric registered
Sep 18 11:23:24 april-dell kernel: [    1.045525] Asymmetric key parser 'x509' registered
Sep 18 11:23:24 april-dell kernel: [    1.045532] Block layer SCSI generic (bsg) driver version 0.4 loaded (major 244)
Sep 18 11:23:24 april-dell kernel: [    1.045561] io scheduler mq-deadline registered
Sep 18 11:23:24 april-dell kernel: [    1.046796] shpchp: Standard Hot Plug PCI Controller Driver version: 0.4
Sep 18 11:23:24 april-dell kernel: [    1.046852] vesafb: mode is 1920x1080x32, linelength=7680, pages=0
Sep 18 11:23:24 april-dell kernel: [    1.046852] vesafb: scrolling: redraw
Sep 18 11:23:24 april-dell kernel: [    1.046854] vesafb: Truecolor: size=8:8:8:8, shift=24:16:8:0
Sep 18 11:23:24 april-dell kernel: [    1.046865] vesafb: framebuffer at 0xb0000000, mapped to 0x00000000dd3cacf5, using 8128k, total 8128k
Sep 18 11:23:24 april-dell kernel: [    1.046895] fbcon: Deferring console take-over
Sep 18 11:23:24 april-dell kernel: [    1.046896] fb0: VESA VGA frame buffer device
Sep 18 11:23:24 april-dell kernel: [    1.046910] intel_idle: MWAIT substates: 0x11142120
Sep 18 11:23:24 april-dell kernel: [    1.046911] intel_idle: v0.4.1 model 0x5E
Sep 18 11:23:24 april-dell kernel: [    1.047127] intel_idle: lapic_timer_reliable_states 0xffffffff
Sep 18 11:23:24 april-dell kernel: [    1.047301] ACPI: AC Adapter [ADP1] (on-line)
Sep 18 11:23:24 april-dell kernel: [    1.047388] input: Sleep Button as /devices/LNXSYSTM:00/LNXSYBUS:00/PNP0C0E:00/input/input0
Sep 18 11:23:24 april-dell kernel: [    1.047405] ACPI: Sleep Button [SLPB]
Sep 18 11:23:24 april-dell kernel: [    1.047438] input: Power Button as /devices/LNXSYSTM:00/LNXSYBUS:00/PNP0C0C:00/input/input1
Sep 18 11:23:24 april-dell kernel: [    1.047452] ACPI: Power Button [PWRB]
Sep 18 11:23:24 april-dell kernel: [    1.047479] input: Lid Switch as /devices/LNXSYSTM:00/LNXSYBUS:00/PNP0C0D:00/input/input2
Sep 18 11:23:24 april-dell kernel: [    1.047505] ACPI: Lid Switch [LID0]
Sep 18 11:23:24 april-dell kernel: [    1.047534] input: Power Button as /devices/LNXSYSTM:00/LNXPWRBN:00/input/input3
Sep 18 11:23:24 april-dell kernel: [    1.047556] ACPI: Power Button [PWRF]
Sep 18 11:23:24 april-dell kernel: [    1.048496] thermal LNXTHERM:00: registered as thermal_zone0
Sep 18 11:23:24 april-dell kernel: [    1.048497] ACPI: Thermal Zone [TZ00] (28 C)
Sep 18 11:23:24 april-dell kernel: [    1.048699] thermal LNXTHERM:01: registered as thermal_zone1
Sep 18 11:23:24 april-dell kernel: [    1.048700] ACPI: Thermal Zone [TZ01] (30 C)
Sep 18 11:23:24 april-dell kernel: [    1.048895] Serial: 8250/16550 driver, 32 ports, IRQ sharing enabled
Sep 18 11:23:24 april-dell kernel: [    1.051641] Linux agpgart interface v0.103
Sep 18 11:23:24 april-dell kernel: [    1.055658] loop: module loaded
Sep 18 11:23:24 april-dell kernel: [    1.056340] battery: ACPI: Battery Slot [BAT0] (battery present)
Sep 18 11:23:24 april-dell kernel: [    1.056454] libphy: Fixed MDIO Bus: probed
Sep 18 11:23:24 april-dell kernel: [    1.056455] tun: Universal TUN/TAP device driver, 1.6
Sep 18 11:23:24 april-dell kernel: [    1.056518] PPP generic driver version 2.4.2
Sep 18 11:23:24 april-dell kernel: [    1.056638] VFIO - User Level meta-driver version: 0.3
Sep 18 11:23:24 april-dell kernel: [    1.056741] ehci_hcd: USB 2.0 'Enhanced' Host Controller (EHCI) Driver
Sep 18 11:23:24 april-dell kernel: [    1.056743] ehci-pci: EHCI PCI platform driver
Sep 18 11:23:24 april-dell kernel: [    1.056751] ehci-platform: EHCI generic platform driver
Sep 18 11:23:24 april-dell kernel: [    1.056761] ohci_hcd: USB 1.1 'Open' Host Controller (OHCI) Driver
Sep 18 11:23:24 april-dell kernel: [    1.056763] ohci-pci: OHCI PCI platform driver
Sep 18 11:23:24 april-dell kernel: [    1.056772] ohci-platform: OHCI generic platform driver
Sep 18 11:23:24 april-dell kernel: [    1.056779] uhci_hcd: USB Universal Host Controller Interface driver
Sep 18 11:23:24 april-dell kernel: [    1.056955] xhci_hcd 0000:00:14.0: xHCI Host Controller
Sep 18 11:23:24 april-dell kernel: [    1.056961] xhci_hcd 0000:00:14.0: new USB bus registered, assigned bus number 1
Sep 18 11:23:24 april-dell kernel: [    1.058027] xhci_hcd 0000:00:14.0: hcc params 0x200077c1 hci version 0x100 quirks 0x0000000001109810
Sep 18 11:23:24 april-dell kernel: [    1.058104] xhci_hcd 0000:00:14.0: cache line size of 64 is not supported
Sep 18 11:23:24 april-dell kernel: [    1.058274] usb usb1: New USB device found, idVendor=1d6b, idProduct=0002, bcdDevice= 5.04
Sep 18 11:23:24 april-dell kernel: [    1.058275] usb usb1: New USB device strings: Mfr=3, Product=2, SerialNumber=1
Sep 18 11:23:24 april-dell kernel: [    1.058276] usb usb1: Product: xHCI Host Controller
Sep 18 11:23:24 april-dell kernel: [    1.058278] usb usb1: Manufacturer: Linux 5.4.0-47-generic xhci-hcd
Sep 18 11:23:24 april-dell kernel: [    1.058278] usb usb1: SerialNumber: 0000:00:14.0
Sep 18 11:23:24 april-dell kernel: [    1.058392] hub 1-0:1.0: USB hub found
Sep 18 11:23:24 april-dell kernel: [    1.058410] hub 1-0:1.0: 16 ports detected
Sep 18 11:23:24 april-dell kernel: [    1.060684] xhci_hcd 0000:00:14.0: xHCI Host Controller
Sep 18 11:23:24 april-dell kernel: [    1.060687] xhci_hcd 0000:00:14.0: new USB bus registered, assigned bus number 2
Sep 18 11:23:24 april-dell kernel: [    1.060690] xhci_hcd 0000:00:14.0: Host supports USB 3.0 SuperSpeed
Sep 18 11:23:24 april-dell kernel: [    1.060723] usb usb2: New USB device found, idVendor=1d6b, idProduct=0003, bcdDevice= 5.04
Sep 18 11:23:24 april-dell kernel: [    1.060724] usb usb2: New USB device strings: Mfr=3, Product=2, SerialNumber=1
Sep 18 11:23:24 april-dell kernel: [    1.060725] usb usb2: Product: xHCI Host Controller
Sep 18 11:23:24 april-dell kernel: [    1.060726] usb usb2: Manufacturer: Linux 5.4.0-47-generic xhci-hcd
Sep 18 11:23:24 april-dell kernel: [    1.060727] usb usb2: SerialNumber: 0000:00:14.0
Sep 18 11:23:24 april-dell kernel: [    1.060837] hub 2-0:1.0: USB hub found
Sep 18 11:23:24 april-dell kernel: [    1.060848] hub 2-0:1.0: 8 ports detected
Sep 18 11:23:24 april-dell kernel: [    1.061167] i8042: PNP: PS/2 Controller [PNP0303:PS2K,PNP0f13:PS2M] at 0x60,0x64 irq 1,12
Sep 18 11:23:24 april-dell kernel: [    1.063376] serio: i8042 KBD port at 0x60,0x64 irq 1
Sep 18 11:23:24 april-dell kernel: [    1.063380] serio: i8042 AUX port at 0x60,0x64 irq 12
Sep 18 11:23:24 april-dell kernel: [    1.063544] mousedev: PS/2 mouse device common for all mice
Sep 18 11:23:24 april-dell kernel: [    1.063848] rtc_cmos 00:02: RTC can wake from S4
Sep 18 11:23:24 april-dell kernel: [    1.064335] rtc_cmos 00:02: registered as rtc0
Sep 18 11:23:24 april-dell kernel: [    1.064347] rtc_cmos 00:02: alarms up to one month, y3k, 242 bytes nvram, hpet irqs
Sep 18 11:23:24 april-dell kernel: [    1.064353] i2c /dev entries driver
Sep 18 11:23:24 april-dell kernel: [    1.064403] device-mapper: uevent: version 1.0.3
Sep 18 11:23:24 april-dell kernel: [    1.064454] device-mapper: ioctl: 4.41.0-ioctl (2019-09-16) initialised: dm-devel@redhat.com
Sep 18 11:23:24 april-dell kernel: [    1.064471] platform eisa.0: Probing EISA bus 0
Sep 18 11:23:24 april-dell kernel: [    1.064476] platform eisa.0: EISA: Cannot allocate resource for mainboard
Sep 18 11:23:24 april-dell kernel: [    1.064477] platform eisa.0: Cannot allocate resource for EISA slot 1
Sep 18 11:23:24 april-dell kernel: [    1.064478] platform eisa.0: Cannot allocate resource for EISA slot 2
Sep 18 11:23:24 april-dell kernel: [    1.064479] platform eisa.0: Cannot allocate resource for EISA slot 3
Sep 18 11:23:24 april-dell kernel: [    1.064480] platform eisa.0: Cannot allocate resource for EISA slot 4
Sep 18 11:23:24 april-dell kernel: [    1.064481] platform eisa.0: Cannot allocate resource for EISA slot 5
Sep 18 11:23:24 april-dell kernel: [    1.064482] platform eisa.0: Cannot allocate resource for EISA slot 6
Sep 18 11:23:24 april-dell kernel: [    1.064482] platform eisa.0: Cannot allocate resource for EISA slot 7
Sep 18 11:23:24 april-dell kernel: [    1.064483] platform eisa.0: Cannot allocate resource for EISA slot 8
Sep 18 11:23:24 april-dell kernel: [    1.064484] platform eisa.0: EISA: Detected 0 cards
Sep 18 11:23:24 april-dell kernel: [    1.064487] intel_pstate: Intel P-state driver initializing
Sep 18 11:23:24 april-dell kernel: [    1.064915] intel_pstate: HWP enabled
Sep 18 11:23:24 april-dell kernel: [    1.064940] ledtrig-cpu: registered to indicate activity on CPUs
Sep 18 11:23:24 april-dell kernel: [    1.064987] intel_pmc_core INT33A1:00:  initialized
Sep 18 11:23:24 april-dell kernel: [    1.065038] drop_monitor: Initializing network drop monitor service
Sep 18 11:23:24 april-dell kernel: [    1.065190] NET: Registered protocol family 10
Sep 18 11:23:24 april-dell kernel: [    1.068660] input: AT Translated Set 2 keyboard as /devices/platform/i8042/serio0/input/input4
Sep 18 11:23:24 april-dell kernel: [    1.070057] Segment Routing with IPv6
Sep 18 11:23:24 april-dell kernel: [    1.070086] NET: Registered protocol family 17
Sep 18 11:23:24 april-dell kernel: [    1.070205] Key type dns_resolver registered
Sep 18 11:23:24 april-dell kernel: [    1.070592] RAS: Correctable Errors collector initialized.
Sep 18 11:23:24 april-dell kernel: [    1.070618] microcode: sig=0x506e3, pf=0x20, revision=0xdc
Sep 18 11:23:24 april-dell kernel: [    1.070763] microcode: Microcode Update Driver: v2.2.
Sep 18 11:23:24 april-dell kernel: [    1.070767] IPI shorthand broadcast: enabled
Sep 18 11:23:24 april-dell kernel: [    1.070790] sched_clock: Marking stable (1070095763, 664808)->(1086734362, -15973791)
Sep 18 11:23:24 april-dell kernel: [    1.070967] registered taskstats version 1
Sep 18 11:23:24 april-dell kernel: [    1.070975] Loading compiled-in X.509 certificates
Sep 18 11:23:24 april-dell kernel: [    1.071653] Loaded X.509 cert 'Build time autogenerated kernel key: 2093e6a74e1dee62be74066ace6b1cd781ddeedf'
Sep 18 11:23:24 april-dell kernel: [    1.071675] zswap: loaded using pool lzo/zbud
Sep 18 11:23:24 april-dell kernel: [    1.071979] Key type ._fscrypt registered
Sep 18 11:23:24 april-dell kernel: [    1.071980] Key type .fscrypt registered
